Component: ARM Compiler 5.05 update 1 (build 106) Tool: armlink [4d0efa]

==============================================================================

Section Cross References

    startup_stm32f407xx.o(STACK) refers (Special) to heapauxi.o(.text) for __use_two_region_memory
    startup_stm32f407xx.o(HEAP) refers (Special) to heapauxi.o(.text) for __use_two_region_memory
    startup_stm32f407xx.o(RESET) refers (Special) to heapauxi.o(.text) for __use_two_region_memory
    startup_stm32f407xx.o(RESET) refers to startup_stm32f407xx.o(STACK) for __initial_sp
    startup_stm32f407xx.o(RESET) refers to startup_stm32f407xx.o(.text) for Reset_Handler
    startup_stm32f407xx.o(RESET) refers to stm32f4xx_it.o(i.NMI_Handler) for NMI_Handler
    startup_stm32f407xx.o(RESET) refers to stm32f4xx_it.o(i.HardFault_Handler) for HardFault_Handler
    startup_stm32f407xx.o(RESET) refers to stm32f4xx_it.o(i.MemManage_Handler) for MemManage_Handler
    startup_stm32f407xx.o(RESET) refers to stm32f4xx_it.o(i.BusFault_Handler) for BusFault_Handler
    startup_stm32f407xx.o(RESET) refers to stm32f4xx_it.o(i.UsageFault_Handler) for UsageFault_Handler
    startup_stm32f407xx.o(RESET) refers to port.o(.emb_text) for SVC_Handler
    startup_stm32f407xx.o(RESET) refers to stm32f4xx_it.o(i.DebugMon_Handler) for DebugMon_Handler
    startup_stm32f407xx.o(RESET) refers to cmsis_os2.o(i.SysTick_Handler) for SysTick_Handler
    startup_stm32f407xx.o(RESET) refers to stm32f4xx_it.o(i.DMA1_Stream1_IRQHandler) for DMA1_Stream1_IRQHandler
    startup_stm32f407xx.o(RESET) refers to stm32f4xx_it.o(i.CAN1_RX0_IRQHandler) for CAN1_RX0_IRQHandler
    startup_stm32f407xx.o(RESET) refers to stm32f4xx_it.o(i.CAN1_RX1_IRQHandler) for CAN1_RX1_IRQHandler
    startup_stm32f407xx.o(RESET) refers to stm32f4xx_it.o(i.TIM8_TRG_COM_TIM14_IRQHandler) for TIM8_TRG_COM_TIM14_IRQHandler
    startup_stm32f407xx.o(RESET) refers to stm32f4xx_it.o(i.CAN2_RX0_IRQHandler) for CAN2_RX0_IRQHandler
    startup_stm32f407xx.o(RESET) refers to stm32f4xx_it.o(i.CAN2_RX1_IRQHandler) for CAN2_RX1_IRQHandler
    startup_stm32f407xx.o(.text) refers (Special) to heapauxi.o(.text) for __use_two_region_memory
    startup_stm32f407xx.o(.text) refers to system_stm32f4xx.o(i.SystemInit) for SystemInit
    startup_stm32f407xx.o(.text) refers to __main.o(!!!main) for __main
    startup_stm32f407xx.o(.text) refers to startup_stm32f407xx.o(HEAP) for Heap_Mem
    startup_stm32f407xx.o(.text) refers to startup_stm32f407xx.o(STACK) for Stack_Mem
    main.o(i.HAL_TIM_PeriodElapsedCallback) refers to stm32f4xx_hal.o(i.HAL_IncTick) for HAL_IncTick
    main.o(i.SystemClock_Config) refers to rt_memclr_w.o(.text) for __aeabi_memclr4
    main.o(i.SystemClock_Config) refers to stm32f4xx_hal_rcc.o(i.HAL_RCC_OscConfig) for HAL_RCC_OscConfig
    main.o(i.SystemClock_Config) refers to main.o(i.Error_Handler) for Error_Handler
    main.o(i.SystemClock_Config) refers to stm32f4xx_hal_rcc.o(i.HAL_RCC_ClockConfig) for HAL_RCC_ClockConfig
    main.o(i.main) refers to stm32f4xx_hal.o(i.HAL_Init) for HAL_Init
    main.o(i.main) refers to main.o(i.SystemClock_Config) for SystemClock_Config
    main.o(i.main) refers to gpio.o(i.MX_GPIO_Init) for MX_GPIO_Init
    main.o(i.main) refers to dma.o(i.MX_DMA_Init) for MX_DMA_Init
    main.o(i.main) refers to can.o(i.MX_CAN1_Init) for MX_CAN1_Init
    main.o(i.main) refers to usart.o(i.MX_USART3_UART_Init) for MX_USART3_UART_Init
    main.o(i.main) refers to can.o(i.MX_CAN2_Init) for MX_CAN2_Init
    main.o(i.main) refers to dj_d16.o(i.DJ16_Init) for DJ16_Init
    main.o(i.main) refers to dj_motor.o(i.DJ_Motor_Init) for DJ_Motor_Init
    main.o(i.main) refers to cmsis_os2.o(i.osKernelInitialize) for osKernelInitialize
    main.o(i.main) refers to freertos.o(i.MX_FREERTOS_Init) for MX_FREERTOS_Init
    main.o(i.main) refers to cmsis_os2.o(i.osKernelStart) for osKernelStart
    main.o(i.main) refers to usart.o(.bss) for huart3
    main.o(i.main) refers to can.o(.bss) for hcan2
    freertos.o(i.MX_FREERTOS_Init) refers to cmsis_os2.o(i.osThreadNew) for osThreadNew
    freertos.o(i.MX_FREERTOS_Init) refers to freertos.o(.constdata) for motor_attributes
    freertos.o(i.MX_FREERTOS_Init) refers to freertos.o(i.motor_f) for motor_f
    freertos.o(i.MX_FREERTOS_Init) refers to freertos.o(.data) for motorHandle
    freertos.o(i.MX_FREERTOS_Init) refers to freertos.o(i.dipan_f) for dipan_f
    freertos.o(i.dipan_f) refers to duolun.o(i.Steer_Calculate_turn) for Steer_Calculate_turn
    freertos.o(i.dipan_f) refers to cmsis_os2.o(i.osDelay) for osDelay
    freertos.o(i.dipan_f) refers to dj_d16.o(.bss) for yaokong
    freertos.o(i.dipan_f) refers to freertos.o(.data) for y
    freertos.o(i.dipan_f) refers to dj_motor.o(.bss) for chassis_duolun
    freertos.o(i.motor_f) refers to duolun.o(i.Steer_Calculate_speed) for Steer_Calculate_speed
    freertos.o(i.motor_f) refers to cmsis_os2.o(i.osDelay) for osDelay
    freertos.o(i.motor_f) refers to freertos.o(.data) for w
[...]
    HAL_RCC_CAN1_CLK_ENABLED                 0x20000014   Data           4  can.o(.data)
    .data                                    0x20000018   Section        9  stm32f4xx_hal.o(.data)
    .data                                    0x20000024   Section        4  system_stm32f4xx.o(.data)
    .data                                    0x20000028   Section       60  tasks.o(.data)
    pxDelayedTaskList                        0x2000002c   Data           4  tasks.o(.data)
    pxOverflowDelayedTaskList                0x20000030   Data           4  tasks.o(.data)
    uxDeletedTasksWaitingCleanUp             0x20000034   Data           4  tasks.o(.data)
    uxCurrentNumberOfTasks                   0x20000038   Data           4  tasks.o(.data)
    xTickCount                               0x2000003c   Data           4  tasks.o(.data)
    uxTopReadyPriority                       0x20000040   Data           4  tasks.o(.data)
    xSchedulerRunning                        0x20000044   Data           4  tasks.o(.data)
    xPendedTicks                             0x20000048   Data           4  tasks.o(.data)
    xYieldPending                            0x2000004c   Data           4  tasks.o(.data)
    xNumOfOverflows                          0x20000050   Data           4  tasks.o(.data)
    uxTaskNumber                             0x20000054   Data           4  tasks.o(.data)
    xNextTaskUnblockTime                     0x20000058   Data           4  tasks.o(.data)
    xIdleTaskHandle                          0x2000005c   Data           4  tasks.o(.data)
    uxSchedulerSuspended                     0x20000060   Data           4  tasks.o(.data)
    .data                                    0x20000064   Section       20  timers.o(.data)
    pxCurrentTimerList                       0x20000064   Data           4  timers.o(.data)
    pxOverflowTimerList                      0x20000068   Data           4  timers.o(.data)
    xTimerQueue                              0x2000006c   Data           4  timers.o(.data)
    xTimerTaskHandle                         0x20000070   Data           4  timers.o(.data)
    xLastTime                                0x20000074   Data           4  timers.o(.data)
    .data                                    0x20000078   Section        4  cmsis_os2.o(.data)
    KernelState                              0x20000078   Data           4  cmsis_os2.o(.data)
    .data                                    0x2000007c   Section       32  heap_4.o(.data)
    xStart                                   0x2000007c   Data           8  heap_4.o(.data)
    pxEnd                                    0x20000084   Data           4  heap_4.o(.data)
    xFreeBytesRemaining                      0x20000088   Data           4  heap_4.o(.data)
    xMinimumEverFreeBytesRemaining           0x2000008c   Data           4  heap_4.o(.data)
    xNumberOfSuccessfulAllocations           0x20000090   Data           4  heap_4.o(.data)
    xNumberOfSuccessfulFrees                 0x20000094   Data           4  heap_4.o(.data)
    xBlockAllocatedBit                       0x20000098   Data           4  heap_4.o(.data)
    .data                                    0x2000009c   Section       12  port.o(.data)
    uxCriticalNesting                        0x2000009c   Data           4  port.o(.data)
    ucMaxSysCallPriority                     0x200000a0   Data           1  port.o(.data)
    ulMaxPRIGROUPValue                       0x200000a4   Data           4  port.o(.data)
    .bss                                     0x200000a8   Section       80  can.o(.bss)
    .bss                                     0x200000f8   Section      164  usart.o(.bss)
    .bss                                     0x2000019c   Section       72  stm32f4xx_hal_timebase_tim.o(.bss)
    .bss                                     0x200001e4   Section       64  queue.o(.bss)
    .bss                                     0x20000224   Section     1220  tasks.o(.bss)
    pxReadyTasksLists                        0x20000224   Data        1120  tasks.o(.bss)
    xDelayedTaskList1                        0x20000684   Data          20  tasks.o(.bss)
    xDelayedTaskList2                        0x20000698   Data          20  tasks.o(.bss)
    xPendingReadyList                        0x200006ac   Data          20  tasks.o(.bss)
    xTasksWaitingTermination                 0x200006c0   Data          20  tasks.o(.bss)
    xSuspendedTaskList                       0x200006d4   Data          20  tasks.o(.bss)
    .bss                                     0x200006e8   Section      280  timers.o(.bss)
    xActiveTimerList1                        0x200006e8   Data          20  timers.o(.bss)
    xActiveTimerList2                        0x200006fc   Data          20  timers.o(.bss)
    xStaticTimerQueue                        0x20000710   Data          80  timers.o(.bss)
    ucStaticTimerQueueStorage                0x20000760   Data         160  timers.o(.bss)
    .bss                                     0x20000800   Section     1720  cmsis_os2.o(.bss)
    Idle_TCB                                 0x20000800   Data          92  cmsis_os2.o(.bss)
    Idle_Stack                               0x2000085c   Data         512  cmsis_os2.o(.bss)
    Timer_TCB                                0x20000a5c   Data          92  cmsis_os2.o(.bss)
    Timer_Stack                              0x20000ab8   Data        1024  cmsis_os2.o(.bss)
    .bss                                     0x20000eb8   Section    15360  heap_4.o(.bss)
    ucHeap                                   0x20000eb8   Data       15360  heap_4.o(.bss)
    .bss                                     0x20004ab8   Section      208  dj_motor.o(.bss)
    Tx_header                                0x20004b58   Data          24  dj_motor.o(.bss)
    Tx_header                                0x20004b70   Data          24  dj_motor.o(.bss)
    .bss                                     0x20004b88   Section       42  dj_d16.o(.bss)
    .bss                                     0x20004bb4   Section       96  libspace.o(.bss)
    HEAP                                     0x20004c18   Section      512  startup_stm32f407xx.o(HEAP)
    Heap_Mem                                 0x20004c18   Data         512  startup_stm32f407xx.o(HEAP)
    STACK                                    0x20004e18   Section     1024  startup_stm32f407xx.o(STACK)
    Stack_Mem                                0x20004e18   Data        1024  startup_stm32f407xx.o(STACK)
    __initial_sp                             0x20005218   Data           0  startup_stm32f407xx.o(STACK)

    Global Symbols

    Symbol Name                              Value     Ov Type        Size  Object(Section)

    BuildAttributes$$THM_ISAv4$E$P$D$K$B$S$7EM$VFPi3$EXTD16$VFPS$VFMA$PE$A:L22UL41UL21$X:L11$S22US41US21$IEEE1$IW$USESV6$~STKCKD$USESV7$~SHL$OTIME$ROPI$IEEEX$EBA8$UX$STANDARDLIB$REQ8$PRES8$EABIv2 0x00000000   Number         0  anon$$obj.o ABSOLUTE
    __ARM_use_no_argv                        0x00000000   Number         0  main.o ABSOLUTE
    __ARM_exceptions_init                     - Undefined Weak Reference
    __alloca_initialize                       - Undefined Weak Reference
    __arm_preinit_                            - Undefined Weak Reference
    __cpp_initialize__aeabi_                  - Undefined Weak Reference
    __cxa_finalize                            - Undefined Weak Reference
    __rt_locale                               - Undefined Weak Reference
    __sigvec_lookup                           - Undefined Weak Reference
    _atexit_init                              - Undefined Weak Reference
    _call_atexit_fns                          - Undefined Weak Reference
    _clock_init                               - Undefined Weak Reference
    _fp_trap_init                             - Undefined Weak Reference
    _fp_trap_shutdown                         - Undefined Weak Reference
    _get_lc_collate                           - Undefined Weak Reference
    _get_lc_ctype                             - Undefined Weak Reference
    _get_lc_monetary                          - Undefined Weak Reference
    _get_lc_numeric                           - Undefined Weak Reference
    _get_lc_time                              - Undefined Weak Reference
    _getenv_init                              - Undefined Weak Reference
    _handle_redirection                       - Undefined Weak Reference
    _init_alloc                               - Undefined Weak Reference
    _init_user_alloc                          - Undefined Weak Reference
    _initio                                   - Undefined Weak Reference
    _rand_init                                - Undefined Weak Reference
    _signal_finish                            - Undefined Weak Reference
    _signal_init                              - Undefined Weak Reference
    _terminate_alloc                          - Undefined Weak Reference
    _terminate_user_alloc                     - Undefined Weak Reference
    _terminateio                              - Undefined Weak Reference
    __Vectors_Size                           0x00000188   Number         0  startup_stm32f407xx.o ABSOLUTE
    __Vectors                                0x08000000   Data           4  startup_stm32f407xx.o(RESET)
    __Vectors_End                            0x08000188   Data           0  startup_stm32f407xx.o(RESET)
    __main                                   0x08000189   Thumb Code     8  __main.o(!!!main)
    __scatterload                            0x08000191   Thumb Code     0  __scatter.o(!!!scatter)
    __scatterload_rt2                        0x08000191   Thumb Code    44  __scatter.o(!!!scatter)
    __scatterload_rt2_thumb_only             0x08000191   Thumb Code     0  __scatter.o(!!!scatter)
    __scatterload_null                       0x0800019f   Thumb Code     0  __scatter.o(!!!scatter)
    __scatterload_copy                       0x080001c5   Thumb Code    26  __scatter_copy.o(!!handler_copy)
    __scatterload_zeroinit                   0x080001e1   Thumb Code    28  __scatter_zi.o(!!handler_zi)
    __rt_lib_init                            0x080001fd   Thumb Code     0  libinit.o(.ARM.Collect$$libinit$$00000000)
    __rt_lib_init_fp_1                       0x080001ff   Thumb Code     0  libinit2.o(.ARM.Collect$$libinit$$00000001)
    __rt_lib_init_alloca_1                   0x08000203   Thumb Code     0  libinit2.o(.ARM.Collect$$libinit$$0000002E)
    __rt_lib_init_argv_1                     0x08000203   Thumb Code     0  libinit2.o(.ARM.Collect$$libinit$$0000002C)
    __rt_lib_init_atexit_1                   0x08000203   Thumb Code     0  libinit2.o(.ARM.Collect$$libinit$$0000001B)
    __rt_lib_init_clock_1                    0x08000203   Thumb Code     0  libinit2.o(.ARM.Collect$$libinit$$00000021)
    __rt_lib_init_cpp_1                      0x08000203   Thumb Code     0  libinit2.o(.ARM.Collect$$libinit$$00000032)
    __rt_lib_init_exceptions_1               0x08000203   Thumb Code     0  libinit2.o(.ARM.Collect$$libinit$$00000030)
    __rt_lib_init_fp_trap_1                  0x08000203   Thumb Code     0  libinit2.o(.ARM.Collect$$libinit$$0000001F)
    __rt_lib_init_getenv_1                   0x08000203   Thumb Code     0  libinit2.o(.ARM.Collect$$libinit$$00000023)
    __rt_lib_init_heap_1                     0x08000203   Thumb Code     0  libinit2.o(.ARM.Collect$$libinit$$0000000A)
    __rt_lib_init_lc_collate_1               0x08000203   Thumb Code     0  libinit2.o(.ARM.Collect$$libinit$$00000011)
    __rt_lib_init_lc_ctype_1                 0x08000203   Thumb Code     0  libinit2.o(.ARM.Collect$$libinit$$00000013)
    __rt_lib_init_lc_monetary_1              0x08000203   Thumb Code     0  libinit2.o(.ARM.Collect$$libinit$$00000015)
    __rt_lib_init_lc_numeric_1               0x08000203   Thumb Code     0  libinit2.o(.ARM.Collect$$libinit$$00000017)
    __rt_lib_init_lc_time_1                  0x08000203   Thumb Code     0  libinit2.o(.ARM.Collect$$libinit$$00000019)
    __rt_lib_init_preinit_1                  0x08000203   Thumb Code     0  libinit2.o(.ARM.Collect$$libinit$$00000004)
    __rt_lib_init_rand_1                     0x08000203   Thumb Code     0  libinit2.o(.ARM.Collect$$libinit$$0000000E)
    __rt_lib_init_return                     0x08000203   Thumb Code     0  libinit2.o(.ARM.Collect$$libinit$$00000033)
    __rt_lib_init_signal_1                   0x08000203   Thumb Code     0  libinit2.o(.ARM.Collect$$libinit$$0000001D)
    __rt_lib_init_stdio_1                    0x08000203   Thumb Code     0  libinit2.o(.ARM.Collect$$libinit$$00000025)
    __rt_lib_init_user_alloc_1               0x08000203   Thumb Code     0  libinit2.o(.ARM.Collect$$libinit$$0000000C)
    __rt_lib_shutdown                        0x08000205   Thumb Code     0  libshutdown.o(.ARM.Collect$$libshutdown$$00000000)
    __rt_lib_shutdown_fp_trap_1              0x08000207   Thumb Code     0  libshutdown2.o(.ARM.Collect$$libshutdown$$00000006)
    __rt_lib_shutdown_heap_1                 0x08000207   Thumb Code     0  libshutdown2.o(.ARM.Collect$$libshutdown$$0000000E)
    __rt_lib_shutdown_return                 0x08000207   Thumb Code     0  libshutdown2.o(.ARM.Collect$$libshutdown$$0000000F)
    __rt_lib_shutdown_signal_1               0x08000207   Thumb Code     0  libshutdown2.o(.ARM.Collect$$libshutdown$$00000009)
    __rt_lib_shutdown_stdio_1                0x08000207   Thumb Code     0  libshutdown2.o(.ARM.Collect$$libshutdown$$00000003)
    __rt_lib_shutdown_user_alloc_1           0x08000207   Thumb Code     0  libshutdown2.o(.ARM.Collect$$libshutdown$$0000000B)
    __rt_entry                               0x08000209   Thumb Code     0  __rtentry.o(.ARM.Collect$$rtentry$$00000000)
    __rt_entry_presh_1                       0x08000209   Thumb Code     0  __rtentry2.o(.ARM.Collect$$rtentry$$00000002)
    __rt_entry_sh                            0x08000209   Thumb Code     0  __rtentry4.o(.ARM.Collect$$rtentry$$00000004)
    __rt_entry_li                            0x0800020f   Thumb Code     0  __rtentry2.o(.ARM.Collect$$rtentry$$0000000A)
    __rt_entry_postsh_1                      0x0800020f   Thumb Code     0  __rtentry2.o(.ARM.Collect$$rtentry$$00000009)
    __rt_entry_main                          0x08000213   Thumb Code     0  __rtentry2.o(.ARM.Collect$$rtentry$$0000000D)
    __rt_entry_postli_1                      0x08000213   Thumb Code     0  __rtentry2.o(.ARM.Collect$$rtentry$$0000000C)
    __rt_exit                                0x0800021b   Thumb Code     0  rtexit.o(.ARM.Collect$$rtexit$$00000000)
    __rt_exit_ls                             0x0800021d   Thumb Code     0  rtexit2.o(.ARM.Collect$$rtexit$$00000003)
    __rt_exit_prels_1                        0x0800021d   Thumb Code     0  rtexit2.o(.ARM.Collect$$rtexit$$00000002)
    __rt_exit_exit                           0x08000221   Thumb Code     0  rtexit2.o(.ARM.Collect$$rtexit$$00000004)
    SVC_Handler                              0x08000229   Thumb Code    28  port.o(.emb_text)
    __asm___6_port_c_39a90d8d__prvStartFirstTask 0x08000249   Thumb Code    36  port.o(.emb_text)
    __asm___6_port_c_39a90d8d__prvEnableVFP  0x08000271   Thumb Code    16  port.o(.emb_text)
    PendSV_Handler                           0x08000285   Thumb Code    88  port.o(.emb_text)
    vPortGetIPSR                             0x080002e1   Thumb Code     6  port.o(.emb_text)
    Reset_Handler                            0x080002e9   Thumb Code     8  startup_stm32f407xx.o(.text)
    ADC_IRQHandler                           0x08000303   Thumb Code     0  startup_stm32f407xx.o(.text)
    CAN1_SCE_IRQHandler                      0x08000303   Thumb Code     0  startup_stm32f407xx.o(.text)
    CAN1_TX_IRQHandler                       0x08000303   Thumb Code     0  startup_stm32f407xx.o(.text)
    CAN2_SCE_IRQHandler                      0x08000303   Thumb Code     0  startup_stm32f407xx.o(.text)
    CAN2_TX_IRQHandler                       0x08000303   Thumb Code     0  startup_stm32f407xx.o(.text)
    DCMI_IRQHandler                          0x08000303   Thumb Code     0  startup_stm32f407xx.o(.text)
    DMA1_Stream0_IRQHandler                  0x08000303   Thumb Code     0  startup_stm32f407xx.o(.text)
    DMA1_Stream2_IRQHandler                  0x08000303   Thumb Code     0  startup_stm32f407xx.o(.text)
    DMA1_Stream3_IRQHandler                  0x08000303   Thumb Code     0  startup_stm32f407xx.o(.text)
    DMA1_Stream4_IRQHandler                  0x08000303   Thumb Code     0  startup_stm32f407xx.o(.text)
    DMA1_Stream5_IRQHandler                  0x08000303   Thumb Code     0  startup_stm32f407xx.o(.text)
    DMA1_Stream6_IRQHandler                  0x08000303   Thumb Code     0  startup_stm32f407xx.o(.text)
    DMA1_Stream7_IRQHandler                  0x08000303   Thumb Code     0  startup_stm32f407xx.o(.text)
    DMA2_Stream0_IRQHandler                  0x08000303   Thumb Code     0  startup_stm32f407xx.o(.text)
    DMA2_Stream1_IRQHandler                  0x08000303   Thumb Code     0  startup_stm32f407xx.o(.text)
    DMA2_Stream2_IRQHandler                  0x08000303   Thumb Code     0  startup_stm32f407xx.o(.text)
    DMA2_Stream3_IRQHandler                  0x08000303   Thumb Code     0  startup_stm32f407xx.o(.text)
    DMA2_Stream4_IRQHandler                  0x08000303   Thumb Code     0  startup_stm32f407xx.o(.text)
    DMA2_Stream5_IRQHandler                  0x08000303   Thumb Code     0  startup_stm32f407xx.o(.text)
    DMA2_Stream6_IRQHandler                  0x08000303   Thumb Code     0  startup_stm32f407xx.o(.text)
    DMA2_Stream7_IRQHandler                  0x08000303   Thumb Code     0  startup_stm32f407xx.o(.text)
    ETH_IRQHandler                           0x08000303   Thumb Code     0  startup_stm32f407xx.o(.text)
    ETH_WKUP_IRQHandler                      0x08000303   Thumb Code     0  startup_stm32f407xx.o(.text)
    EXTI0_IRQHandler                         0x08000303   Thumb Code     0  startup_stm32f407xx.o(.text)
    EXTI15_10_IRQHandler                     0x08000303   Thumb Code     0  startup_stm32f407xx.o(.text)
    EXTI1_IRQHandler                         0x08000303   Thumb Code     0  startup_stm32f407xx.o(.text)
    EXTI2_IRQHandler                         0x08000303   Thumb Code     0  startup_stm32f407xx.o(.text)
    EXTI3_IRQHandler                         0x08000303   Thumb Code     0  startup_stm32f407xx.o(.text)
    EXTI4_IRQHandler                         0x08000303   Thumb Code     0  startup_stm32f407xx.o(.text)
    EXTI9_5_IRQHandler                       0x08000303   Thumb Code     0  startup_stm32f407xx.o(.text)
    FLASH_IRQHandler                         0x08000303   Thumb Code     0  startup_stm32f407xx.o(.text)
    FMC_IRQHandler                           0x08000303   Thumb Code     0  startup_stm32f407xx.o(.text)
    FPU_IRQHandler                           0x08000303   Thumb Code     0  startup_stm32f407xx.o(.text)
    HASH_RNG_IRQHandler                      0x08000303   Thumb Code     0  startup_stm32f407xx.o(.text)
    I2C1_ER_IRQHandler                       0x08000303   Thumb Code     0  startup_stm32f407xx.o(.text)
    I2C1_EV_IRQHandler                       0x08000303   Thumb Code     0  startup_stm32f407xx.o(.text)
    I2C2_ER_IRQHandler                       0x08000303   Thumb Code     0  startup_stm32f407xx.o(.text)
    I2C2_EV_IRQHandler                       0x08000303   Thumb Code     0  startup_stm32f407xx.o(.text)
    I2C3_ER_IRQHandler                       0x08000303   Thumb Code     0  startup_stm32f407xx.o(.text)
    I2C3_EV_IRQHandler                       0x08000303   Thumb Code     0  startup_stm32f407xx.o(.text)
    OTG_FS_IRQHandler                        0x08000303   Thumb Code     0  startup_stm32f407xx.o(.text)
    OTG_FS_WKUP_IRQHandler                   0x08000303   Thumb Code     0  startup_stm32f407xx.o(.text)
    OTG_HS_EP1_IN_IRQHandler                 0x08000303   Thumb Code     0  startup_stm32f407xx.o(.text)
    OTG_HS_EP1_OUT_IRQHandler                0x08000303   Thumb Code     0  startup_stm32f407xx.o(.text)
    OTG_HS_IRQHandler                        0x08000303   Thumb Code     0  startup_stm32f407xx.o(.text)
    OTG_HS_WKUP_IRQHandler                   0x08000303   Thumb Code     0  startup_stm32f407xx.o(.text)
    PVD_IRQHandler                           0x08000303   Thumb Code     0  startup_stm32f407xx.o(.text)
    RCC_IRQHandler                           0x08000303   Thumb Code     0  startup_stm32f407xx.o(.text)
    RTC_Alarm_IRQHandler                     0x08000303   Thumb Code     0  startup_stm32f407xx.o(.text)
    RTC_WKUP_IRQHandler                      0x08000303   Thumb Code     0  startup_stm32f407xx.o(.text)
    SDIO_IRQHandler                          0x08000303   Thumb Code     0  startup_stm32f407xx.o(.text)
    SPI1_IRQHandler                          0x08000303   Thumb Code     0  startup_stm32f407xx.o(.text)
    SPI2_IRQHandler                          0x08000303   Thumb Code     0  startup_stm32f407xx.o(.text)
    SPI3_IRQHandler                          0x08000303   Thumb Code     0  startup_stm32f407xx.o(.text)
    TAMP_STAMP_IRQHandler                    0x08000303   Thumb Code     0  startup_stm32f407xx.o(.text)
    TIM1_BRK_TIM9_IRQHandler                 0x08000303   Thumb Code     0  startup_stm32f407xx.o(.text)
    TIM1_CC_IRQHandler                       0x08000303   Thumb Code     0  startup_stm32f407xx.o(.text)
    TIM1_TRG_COM_TIM11_IRQHandler            0x08000303   Thumb Code     0  startup_stm32f407xx.o(.text)
    TIM1_UP_TIM10_IRQHandler                 0x08000303   Thumb Code     0  startup_stm32f407xx.o(.text)
    TIM2_IRQHandler                          0x08000303   Thumb Code     0  startup_stm32f407xx.o(.text)
    TIM3_IRQHandler                          0x08000303   Thumb Code     0  startup_stm32f407xx.o(.text)
    TIM4_IRQHandler                          0x08000303   Thumb Code     0  startup_stm32f407xx.o(.text)
    TIM5_IRQHandler                          0x08000303   Thumb Code     0  startup_stm32f407xx.o(.text)
    TIM6_DAC_IRQHandler                      0x08000303   Thumb Code     0  startup_stm32f407xx.o(.text)
    TIM7_IRQHandler                          0x08000303   Thumb Code     0  startup_stm32f407xx.o(.text)
    TIM8_BRK_TIM12_IRQHandler                0x08000303   Thumb Code     0  startup_stm32f407xx.o(.text)
    TIM8_CC_IRQHandler                       0x08000303   Thumb Code     0  startup_stm32f407xx.o(.text)
    TIM8_UP_TIM13_IRQHandler                 0x08000303   Thumb Code     0  startup_stm32f407xx.o(.text)
    UART4_IRQHandler                         0x08000303   Thumb Code     0  startup_stm32f407xx.o(.text)
    UART5_IRQHandler                         0x08000303   Thumb Code     0  startup_stm32f407xx.o(.text)
    USART1_IRQHandler                        0x08000303   Thumb Code     0  startup_stm32f407xx.o(.text)
    USART2_IRQHandler                        0x08000303   Thumb Code     0  startup_stm32f407xx.o(.text)
    USART3_IRQHandler                        0x08000303   Thumb Code     0  startup_stm32f407xx.o(.text)
    USART6_IRQHandler                        0x08000303   Thumb Code     0  startup_stm32f407xx.o(.text)
    WWDG_IRQHandler                          0x08000303   Thumb Code     0  startup_stm32f407xx.o(.text)
    __user_initial_stackheap                 0x08000305   Thumb Code     0  startup_stm32f407xx.o(.text)
    __aeabi_uldivmod                         0x08000329   Thumb Code     0  lludivv7m.o(.text)
    _ll_udiv                                 0x08000329   Thumb Code   238  lludivv7m.o(.text)
    __aeabi_memcpy                           0x08000417   Thumb Code     0  rt_memcpy_v6.o(.text)
    __rt_memcpy                              0x08000417   Thumb Code   138  rt_memcpy_v6.o(.text)
    _memcpy_lastbytes                        0x0800047d   Thumb Code     0  rt_memcpy_v6.o(.text)
    __aeabi_memset                           0x080004a1   Thumb Code    16  aeabi_memset.o(.text)
    __aeabi_memclr4                          0x080004b1   Thumb Code     0  rt_memclr_w.o(.text)
    __aeabi_memclr8                          0x080004b1   Thumb Code     0  rt_memclr_w.o(.text)
    __rt_memclr_w                            0x080004b1   Thumb Code    78  rt_memclr_w.o(.text)
    _memset_w                                0x080004b5   Thumb Code     0  rt_memclr_w.o(.text)
    __use_two_region_memory                  0x080004ff   Thumb Code     2  heapauxi.o(.text)
    __rt_heap_escrow$2region                 0x08000501   Thumb Code     2  heapauxi.o(.text)
    __rt_heap_expand$2region                 0x08000503   Thumb Code     2  heapauxi.o(.text)
    __read_errno                             0x08000505   Thumb Code    10  _rserrno.o(.text)
    __set_errno                              0x0800050f   Thumb Code    12  _rserrno.o(.text)
    __aeabi_memcpy4                          0x0800051b   Thumb Code     0  rt_memcpy_w.o(.text)
    __aeabi_memcpy8                          0x0800051b   Thumb Code     0  rt_memcpy_w.o(.text)
    __rt_memcpy_w                            0x0800051b   Thumb Code   100  rt_memcpy_w.o(.text)
    _memcpy_lastbytes_aligned                0x08000563   Thumb Code     0  rt_memcpy_w.o(.text)
    __aeabi_memclr                           0x0800057f   Thumb Code     0  rt_memclr.o(.text)
    __rt_memclr                              0x0800057f   Thumb Code    68  rt_memclr.o(.text)
    _memset                                  0x08000583   Thumb Code     0  rt_memclr.o(.text)
    __aeabi_errno_addr                       0x080005c5   Thumb Code     8  rt_errno_addr_intlibspace.o(.text)
    __errno$intlibspace                      0x080005c5   Thumb Code     0  rt_errno_addr_intlibspace.o(.text)
    __rt_errno_addr$intlibspace              0x080005c5   Thumb Code     0  rt_errno_addr_intlibspace.o(.text)
    __user_libspace                          0x080005cd   Thumb Code     8  libspace.o(.text)
    __user_perproc_libspace                  0x080005cd   Thumb Code     0  libspace.o(.text)
    __user_perthread_libspace                0x080005cd   Thumb Code     0  libspace.o(.text)
    __user_setup_stackheap                   0x080005d5   Thumb Code    74  sys_stackheap_outer.o(.text)
    exit                                     0x0800061f   Thumb Code    12  exit.o(.text)
    _sys_exit                                0x0800062d   Thumb Code     8  sys_exit.o(.text)
    __I$use$semihosting                      0x08000639   Thumb Code     0  use_no_semi.o(.text)
    __use_no_semihosting_swi                 0x08000639   Thumb Code     2  use_no_semi.o(.text)
    BusFault_Handler                         0x0800063b   Thumb Code     4  stm32f4xx_it.o(i.BusFault_Handler)
    __semihosting_library_function           0x0800063b   Thumb Code     0  indicate_semi.o(.text)
    CAN1_RX0_IRQHandler                      0x08000641   Thumb Code    10  stm32f4xx_it.o(i.CAN1_RX0_IRQHandler)
    CAN1_RX1_IRQHandler                      0x08000651   Thumb Code    10  stm32f4xx_it.o(i.CAN1_RX1_IRQHandler)
    CAN2_RX0_IRQHandler                      0x08000661   Thumb Code    10  stm32f4xx_it.o(i.CAN2_RX0_IRQHandler)
    CAN2_RX1_IRQHandler                      0x08000671   Thumb Code    10  stm32f4xx_it.o(i.CAN2_RX1_IRQHandler)
    CAN_Filter_Mask_Config                   0x08000681   Thumb Code   126  dj_motor.o(i.CAN_Filter_Mask_Config)
    CAN_Motor_Control_3508                   0x08000701   Thumb Code   108  dj_motor.o(i.CAN_Motor_Control_3508)
    CAN_Motor_Control_6020                   0x08000775   Thumb Code   108  dj_motor.o(i.CAN_Motor_Control_6020)
    DJ16_Init                                0x080007e9   Thumb Code    28  dj_d16.o(i.DJ16_Init)
    DJ_Motor_Init                            0x08000809   Thumb Code   152  dj_motor.o(i.DJ_Motor_Init)
    DMA1_Stream1_IRQHandler                  0x080008a9   Thumb Code    10  stm32f4xx_it.o(i.DMA1_Stream1_IRQHandler)
    DebugMon_Handler                         0x080009c3   Thumb Code     2  stm32f4xx_it.o(i.DebugMon_Handler)
    Error_Handler                            0x080009c5   Thumb Code     6  main.o(i.Error_Handler)
    HAL_CAN_AddTxMessage                     0x080009cb   Thumb Code   342  stm32f4xx_hal_can.o(i.HAL_CAN_AddTxMessage)
    HAL_CAN_ConfigFilter                     0x08000b21   Thumb Code   286  stm32f4xx_hal_can.o(i.HAL_CAN_ConfigFilter)
    HAL_CAN_ErrorCallback                    0x08000c45   Thumb Code     2  stm32f4xx_hal_can.o(i.HAL_CAN_ErrorCallback)
    HAL_CAN_GetRxMessage                     0x08000c47   Thumb Code   378  stm32f4xx_hal_can.o(i.HAL_CAN_GetRxMessage)
    HAL_CAN_IRQHandler                       0x08000dc1   Thumb Code   590  stm32f4xx_hal_can.o(i.HAL_CAN_IRQHandler)
    HAL_CAN_Init                             0x0800100f   Thumb Code   372  stm32f4xx_hal_can.o(i.HAL_CAN_Init)
    HAL_CAN_MspInit                          0x08001185   Thumb Code   360  can.o(i.HAL_CAN_MspInit)
    HAL_CAN_RxFifo0FullCallback              0x08001305   Thumb Code     2  stm32f4xx_hal_can.o(i.HAL_CAN_RxFifo0FullCallback)
    HAL_CAN_RxFifo0MsgPendingCallback        0x08001309   Thumb Code   140  dj_motor.o(i.HAL_CAN_RxFifo0MsgPendingCallback)
    HAL_CAN_RxFifo1FullCallback              0x080013b5   Thumb Code     2  stm32f4xx_hal_can.o(i.HAL_CAN_RxFifo1FullCallback)
    HAL_CAN_RxFifo1MsgPendingCallback        0x080013b7   Thumb Code     2  stm32f4xx_hal_can.o(i.HAL_CAN_RxFifo1MsgPendingCallback)
    HAL_CAN_SleepCallback                    0x080013b9   Thumb Code     2  stm32f4xx_hal_can.o(i.HAL_CAN_SleepCallback)
    HAL_CAN_Start                            0x080013bb   Thumb Code    94  stm32f4xx_hal_can.o(i.HAL_CAN_Start)
    HAL_CAN_TxMailbox0AbortCallback          0x08001419   Thumb Code     2  stm32f4xx_hal_can.o(i.HAL_CAN_TxMailbox0AbortCallback)
    HAL_CAN_TxMailbox0CompleteCallback       0x0800141b   Thumb Code     2  stm32f4xx_hal_can.o(i.HAL_CAN_TxMailbox0CompleteCallback)
    HAL_CAN_TxMailbox1AbortCallback          0x0800141d   Thumb Code     2  stm32f4xx_hal_can.o(i.HAL_CAN_TxMailbox1AbortCallback)
    HAL_CAN_TxMailbox1CompleteCallback       0x0800141f   Thumb Code     2  stm32f4xx_hal_can.o(i.HAL_CAN_TxMailbox1CompleteCallback)
    HAL_CAN_TxMailbox2AbortCallback          0x08001421   Thumb Code     2  stm32f4xx_hal_can.o(i.HAL_CAN_TxMailbox2AbortCallback)
    HAL_CAN_TxMailbox2CompleteCallback       0x08001423   Thumb Code     2  stm32f4xx_hal_can.o(i.HAL_CAN_TxMailbox2CompleteCallback)
    HAL_CAN_WakeUpFromRxMsgCallback          0x08001425   Thumb Code     2  stm32f4xx_hal_can.o(i.HAL_CAN_WakeUpFromRxMsgCallback)
    HAL_DMA_IRQHandler                       0x08001429   Thumb Code   570  stm32f4xx_hal_dma.o(i.HAL_DMA_IRQHandler)
    HAL_DMA_Init                             0x08001669   Thumb Code   232  stm32f4xx_hal_dma.o(i.HAL_DMA_Init)
    HAL_DMA_Start_IT                         0x08001755   Thumb Code   146  stm32f4xx_hal_dma.o(i.HAL_DMA_Start_IT)
    HAL_GPIO_Init                            0x080017e9   Thumb Code   454  stm32f4xx_hal_gpio.o(i.HAL_GPIO_Init)
    HAL_GetTick                              0x080019dd   Thumb Code     6  stm32f4xx_hal.o(i.HAL_GetTick)
    HAL_IncTick                              0x080019e9   Thumb Code    16  stm32f4xx_hal.o(i.HAL_IncTick)
    HAL_Init                                 0x08001a01   Thumb Code    54  stm32f4xx_hal.o(i.HAL_Init)
    HAL_InitTick                             0x08001a3d   Thumb Code   160  stm32f4xx_hal_timebase_tim.o(i.HAL_InitTick)
    HAL_MspInit                              0x08001af1   Thumb Code    78  stm32f4xx_hal_msp.o(i.HAL_MspInit)
    HAL_NVIC_EnableIRQ                       0x08001b45   Thumb Code    32  stm32f4xx_hal_cortex.o(i.HAL_NVIC_EnableIRQ)
    HAL_NVIC_SetPriority                     0x08001b65   Thumb Code   124  stm32f4xx_hal_cortex.o(i.HAL_NVIC_SetPriority)
    HAL_NVIC_SetPriorityGrouping             0x08001be1   Thumb Code    32  stm32f4xx_hal_cortex.o(i.HAL_NVIC_SetPriorityGrouping)
    HAL_RCC_ClockConfig                      0x08001c09   Thumb Code   368  stm32f4xx_hal_rcc.o(i.HAL_RCC_ClockConfig)
    HAL_RCC_GetClockConfig                   0x08001d8d   Thumb Code    58  stm32f4xx_hal_rcc.o(i.HAL_RCC_GetClockConfig)
    HAL_RCC_GetHCLKFreq                      0x08001dd1   Thumb Code     6  stm32f4xx_hal_rcc.o(i.HAL_RCC_GetHCLKFreq)
    HAL_RCC_GetPCLK1Freq                     0x08001ddd   Thumb Code    22  stm32f4xx_hal_rcc.o(i.HAL_RCC_GetPCLK1Freq)
    HAL_RCC_GetPCLK2Freq                     0x08001dfd   Thumb Code    22  stm32f4xx_hal_rcc.o(i.HAL_RCC_GetPCLK2Freq)
    HAL_RCC_GetSysClockFreq                  0x08001e1d   Thumb Code   162  stm32f4xx_hal_rcc.o(i.HAL_RCC_GetSysClockFreq)
    HAL_RCC_OscConfig                        0x08001ecd   Thumb Code  1172  stm32f4xx_hal_rcc.o(i.HAL_RCC_OscConfig)
    HAL_TIMEx_BreakCallback                  0x08002369   Thumb Code     2  stm32f4xx_hal_tim_ex.o(i.HAL_TIMEx_BreakCallback)
    HAL_TIMEx_CommutCallback                 0x0800236b   Thumb Code     2  stm32f4xx_hal_tim_ex.o(i.HAL_TIMEx_CommutCallback)
    HAL_TIM_Base_Init                        0x0800236d   Thumb Code   102  stm32f4xx_hal_tim.o(i.HAL_TIM_Base_Init)
    HAL_TIM_Base_MspInit                     0x080023d3   Thumb Code     2  stm32f4xx_hal_tim.o(i.HAL_TIM_Base_MspInit)
    HAL_TIM_Base_Start_IT                    0x080023d5   Thumb Code   138  stm32f4xx_hal_tim.o(i.HAL_TIM_Base_Start_IT)
    HAL_TIM_IC_CaptureCallback               0x0800247d   Thumb Code     2  stm32f4xx_hal_tim.o(i.HAL_TIM_IC_CaptureCallback)
    HAL_TIM_IRQHandler                       0x0800247f   Thumb Code   406  stm32f4xx_hal_tim.o(i.HAL_TIM_IRQHandler)
    HAL_TIM_OC_DelayElapsedCallback          0x08002615   Thumb Code     2  stm32f4xx_hal_tim.o(i.HAL_TIM_OC_DelayElapsedCallback)
    HAL_TIM_PWM_PulseFinishedCallback        0x08002617   Thumb Code     2  stm32f4xx_hal_tim.o(i.HAL_TIM_PWM_PulseFinishedCallback)
    HAL_TIM_PeriodElapsedCallback            0x08002619   Thumb Code    18  main.o(i.HAL_TIM_PeriodElapsedCallback)
    HAL_TIM_TriggerCallback                  0x08002631   Thumb Code     2  stm32f4xx_hal_tim.o(i.HAL_TIM_TriggerCallback)
    HAL_UARTEx_ReceiveToIdle_DMA             0x08002633   Thumb Code   130  stm32f4xx_hal_uart.o(i.HAL_UARTEx_ReceiveToIdle_DMA)
    HAL_UARTEx_RxEventCallback               0x080026b5   Thumb Code   140  dj_d16.o(i.HAL_UARTEx_RxEventCallback)
    HAL_UART_ErrorCallback                   0x08002751   Thumb Code     2  stm32f4xx_hal_uart.o(i.HAL_UART_ErrorCallback)
    HAL_UART_Init                            0x08002753   Thumb Code   114  stm32f4xx_hal_uart.o(i.HAL_UART_Init)
    HAL_UART_MspInit                         0x080027c5   Thumb Code   190  usart.o(i.HAL_UART_MspInit)
    HAL_UART_RxCpltCallback                  0x08002899   Thumb Code     2  stm32f4xx_hal_uart.o(i.HAL_UART_RxCpltCallback)
    HAL_UART_RxHalfCpltCallback              0x0800289b   Thumb Code     2  stm32f4xx_hal_uart.o(i.HAL_UART_RxHalfCpltCallback)
    HardFault_Handler                        0x0800289d   Thumb Code     4  stm32f4xx_it.o(i.HardFault_Handler)
    MX_CAN1_Init                             0x080028a1   Thumb Code    58  can.o(i.MX_CAN1_Init)
    MX_CAN2_Init                             0x080028e5   Thumb Code    58  can.o(i.MX_CAN2_Init)
    MX_DMA_Init                              0x08002929   Thumb Code    52  dma.o(i.MX_DMA_Init)
    MX_FREERTOS_Init                         0x08002961   Thumb Code    32  freertos.o(i.MX_FREERTOS_Init)
    MX_GPIO_Init                             0x08002999   Thumb Code   156  gpio.o(i.MX_GPIO_Init)
    MX_USART3_UART_Init                      0x08002a39   Thumb Code    48  usart.o(i.MX_USART3_UART_Init)
    MemManage_Handler                        0x08002a75   Thumb Code     4  stm32f4xx_it.o(i.MemManage_Handler)
    NMI_Handler                              0x08002a79   Thumb Code     4  stm32f4xx_it.o(i.NMI_Handler)
    Steer_Calculate_speed                    0x08002a7d   Thumb Code    98  duolun.o(i.Steer_Calculate_speed)
    Steer_Calculate_turn                     0x08002adf   Thumb Code    50  duolun.o(i.Steer_Calculate_turn)
    Steer_Speed_Calculate                    0x08002b11   Thumb Code  1210  duolun.o(i.Steer_Speed_Calculate)
    Steer_angle_change                       0x08002fd9   Thumb Code  1192  duolun.o(i.Steer_angle_change)
    SysTick_Handler                          0x08003489   Thumb Code    22  cmsis_os2.o(i.SysTick_Handler)
    SystemClock_Config                       0x080034a1   Thumb Code   174  main.o(i.SystemClock_Config)
    SystemInit                               0x08003559   Thumb Code    14  system_stm32f4xx.o(i.SystemInit)
    TIM8_TRG_COM_TIM14_IRQHandler            0x0800356d   Thumb Code    10  stm32f4xx_it.o(i.TIM8_TRG_COM_TIM14_IRQHandler)
    TIM_Base_SetConfig                       0x0800357d   Thumb Code   170  stm32f4xx_hal_tim.o(i.TIM_Base_SetConfig)
    UART_Start_Receive_DMA                   0x08003a35   Thumb Code   196  stm32f4xx_hal_uart.o(i.UART_Start_Receive_DMA)
    UsageFault_Handler                       0x08003b05   Thumb Code     4  stm32f4xx_it.o(i.UsageFault_Handler)
    __ARM_fpclassify                         0x08003b09   Thumb Code    48  fpclassify.o(i.__ARM_fpclassify)
    __hardfp_atan                            0x08003b79   Thumb Code   622  atan.o(i.__hardfp_atan)
    __hardfp_atan2                           0x08003e51   Thumb Code   432  atan2.o(i.__hardfp_atan2)
    __hardfp_cos                             0x08004041   Thumb Code   180  cos.o(i.__hardfp_cos)
    __hardfp_pow                             0x08004109   Thumb Code  3044  pow.o(i.__hardfp_pow)
    __hardfp_sin                             0x08004d41   Thumb Code   180  sin.o(i.__hardfp_sin)
    __hardfp_sqrt                            0x08004e09   Thumb Code   122  sqrt.o(i.__hardfp_sqrt)
    __ieee754_rem_pio2                       0x08004e89   Thumb Code   938  rred.o(i.__ieee754_rem_pio2)
    __kernel_cos                             0x080052c1   Thumb Code   322  cos_i.o(i.__kernel_cos)
    __kernel_poly                            0x08005431   Thumb Code   248  poly.o(i.__kernel_poly)
    __kernel_sin                             0x08005529   Thumb Code   280  sin_i.o(i.__kernel_sin)
    __mathlib_dbl_divzero                    0x08005659   Thumb Code    28  dunder.o(i.__mathlib_dbl_divzero)
    __mathlib_dbl_infnan                     0x08005689   Thumb Code    20  dunder.o(i.__mathlib_dbl_infnan)
    __mathlib_dbl_infnan2                    0x0800569d   Thumb Code    20  dunder.o(i.__mathlib_dbl_infnan2)
    __mathlib_dbl_invalid                    0x080056b1   Thumb Code    24  dunder.o(i.__mathlib_dbl_invalid)
    __mathlib_dbl_overflow                   0x080056d1   Thumb Code    24  dunder.o(i.__mathlib_dbl_overflow)
    __mathlib_dbl_underflow                  0x080056f1   Thumb Code    24  dunder.o(i.__mathlib_dbl_underflow)
    atan                                     0x08005711   Thumb Code    16  atan.o(i.atan)
    dipan_f                                  0x08005721   Thumb Code   252  freertos.o(i.dipan_f)
    fabs                                     0x08005849   Thumb Code    24  fabs.o(i.fabs)
    get_motor_measure                        0x08005861   Thumb Code    46  dj_motor.o(i.get_motor_measure)
    main                                     0x08005891   Thumb Code    56  main.o(i.main)
    motor_f                                  0x080058d1   Thumb Code    34  freertos.o(i.motor_f)
    osDelay                                  0x08005905   Thumb Code    30  cmsis_os2.o(i.osDelay)
    osKernelInitialize                       0x08005925   Thumb Code    38  cmsis_os2.o(i.osKernelInitialize)
    osKernelStart                            0x08005951   Thumb Code    82  cmsis_os2.o(i.osKernelStart)
    osThreadNew                              0x080059b1   Thumb Code   184  cmsis_os2.o(i.osThreadNew)
    pid_j                                    0x08005a69   Thumb Code   212  duolun.o(i.pid_j)
    pid_v                                    0x08005b59   Thumb Code   138  duolun.o(i.pid_v)
    pvPortMalloc                             0x08006615   Thumb Code   306  heap_4.o(i.pvPortMalloc)
    pxPortInitialiseStack                    0x08006761   Thumb Code    38  port.o(i.pxPortInitialiseStack)
    sqrt                                     0x0800678d   Thumb Code   110  sqrt.o(i.sqrt)
    uxListRemove                             0x080067fb   Thumb Code    40  list.o(i.uxListRemove)
    vApplicationGetIdleTaskMemory            0x08006825   Thumb Code    14  cmsis_os2.o(i.vApplicationGetIdleTaskMemory)
    vApplicationGetTimerTaskMemory           0x0800683d   Thumb Code    16  cmsis_os2.o(i.vApplicationGetTimerTaskMemory)
    vListInitialise                          0x08006855   Thumb Code    26  list.o(i.vListInitialise)
    vListInitialiseItem                      0x0800686f   Thumb Code     6  list.o(i.vListInitialiseItem)
    vListInsert                              0x08006875   Thumb Code    52  list.o(i.vListInsert)
    vListInsertEnd                           0x080068a9   Thumb Code    24  list.o(i.vListInsertEnd)
    vPortEnterCritical                       0x080068c1   Thumb Code    76  port.o(i.vPortEnterCritical)
    vPortExitCritical                        0x08006915   Thumb Code    56  port.o(i.vPortExitCritical)
    vPortFree                                0x08006951   Thumb Code   150  heap_4.o(i.vPortFree)
    vPortSetupTimerInterrupt                 0x080069f5   Thumb Code    36  port.o(i.vPortSetupTimerInterrupt)
    vPortValidateInterruptPriority           0x08006a1d   Thumb Code   106  port.o(i.vPortValidateInterruptPriority)
    vQueueAddToRegistry                      0x08006a95   Thumb Code    38  queue.o(i.vQueueAddToRegistry)
    vQueueWaitForMessageRestricted           0x08006ac1   Thumb Code    74  queue.o(i.vQueueWaitForMessageRestricted)
    vTaskDelay                               0x08006b0d   Thumb Code    82  tasks.o(i.vTaskDelay)
    vTaskInternalSetTimeOutState             0x08006b69   Thumb Code    14  tasks.o(i.vTaskInternalSetTimeOutState)
    vTaskMissedYield                         0x08006b81   Thumb Code     8  tasks.o(i.vTaskMissedYield)
    vTaskPlaceOnEventList                    0x08006b8d   Thumb Code    52  tasks.o(i.vTaskPlaceOnEventList)
    vTaskPlaceOnEventListRestricted          0x08006bc5   Thumb Code    60  tasks.o(i.vTaskPlaceOnEventListRestricted)
    vTaskStartScheduler                      0x08006c05   Thumb Code   156  tasks.o(i.vTaskStartScheduler)
    vTaskSuspendAll                          0x08006cbd   Thumb Code    12  tasks.o(i.vTaskSuspendAll)
    vTaskSwitchContext                       0x08006ccd   Thumb Code   122  tasks.o(i.vTaskSwitchContext)
    xPortStartScheduler                      0x08006d5d   Thumb Code   330  port.o(i.xPortStartScheduler)
    xPortSysTickHandler                      0x08006ec5   Thumb Code    46  port.o(i.xPortSysTickHandler)
    xQueueGenericCreateStatic                0x08006ef9   Thumb Code   224  queue.o(i.xQueueGenericCreateStatic)
    xQueueGenericReset                       0x08006fd9   Thumb Code   146  queue.o(i.xQueueGenericReset)
    xQueueGenericSend                        0x08007071   Thumb Code   420  queue.o(i.xQueueGenericSend)
    xQueueGenericSendFromISR                 0x08007219   Thumb Code   252  queue.o(i.xQueueGenericSendFromISR)
    xQueueReceive                            0x08007315   Thumb Code   356  queue.o(i.xQueueReceive)
    xTaskCheckForTimeOut                     0x0800747d   Thumb Code   132  tasks.o(i.xTaskCheckForTimeOut)
    xTaskCreate                              0x08007509   Thumb Code   100  tasks.o(i.xTaskCreate)
    xTaskCreateStatic                        0x0800756d   Thumb Code   186  tasks.o(i.xTaskCreateStatic)
    xTaskGetSchedulerState                   0x08007629   Thumb Code    24  tasks.o(i.xTaskGetSchedulerState)
    xTaskGetTickCount                        0x08007649   Thumb Code     6  tasks.o(i.xTaskGetTickCount)
    xTaskIncrementTick                       0x08007655   Thumb Code   280  tasks.o(i.xTaskIncrementTick)
    xTaskPriorityDisinherit                  0x08007799   Thumb Code   152  tasks.o(i.xTaskPriorityDisinherit)
    xTaskRemoveFromEventList                 0x0800783d   Thumb Code   126  tasks.o(i.xTaskRemoveFromEventList)
    xTaskResumeAll                           0x080078d5   Thumb Code   222  tasks.o(i.xTaskResumeAll)
    xTimerCreateTimerTask                    0x080079d9   Thumb Code   100  timers.o(i.xTimerCreateTimerTask)
    xTimerGenericCommand                     0x08007a51   Thumb Code   128  timers.o(i.xTimerGenericCommand)
    __aeabi_dneg                             0x08007ad5   Thumb Code     0  basic.o(x$fpl$basic)
    _dneg                                    0x08007ad5   Thumb Code     6  basic.o(x$fpl$basic)
    __aeabi_fneg                             0x08007adb   Thumb Code     0  basic.o(x$fpl$basic)
    _fneg                                    0x08007adb   Thumb Code     6  basic.o(x$fpl$basic)
    _dabs                                    0x08007ae1   Thumb Code     6  basic.o(x$fpl$basic)
    _fabs                                    0x08007ae7   Thumb Code     6  basic.o(x$fpl$basic)
    __aeabi_d2f                              0x08007aed   Thumb Code     0  d2f.o(x$fpl$d2f)
    _d2f                                     0x08007aed   Thumb Code    98  d2f.o(x$fpl$d2f)
    __aeabi_dadd                             0x08007b51   Thumb Code     0  daddsub_clz.o(x$fpl$dadd)
    _dadd                                    0x08007b51   Thumb Code   332  daddsub_clz.o(x$fpl$dadd)
    __fpl_dcheck_NaN1                        0x08007ca1   Thumb Code    10  dcheck1.o(x$fpl$dcheck1)
    __fpl_dcmp_Inf                           0x08007cb1   Thumb Code    24  dcmpi.o(x$fpl$dcmpinf)
    __aeabi_ddiv                             0x08007cc9   Thumb Code     0  ddiv.o(x$fpl$ddiv)
    _ddiv                                    0x08007cc9   Thumb Code   552  ddiv.o(x$fpl$ddiv)
    __aeabi_d2iz                             0x08007f79   Thumb Code     0  dfix.o(x$fpl$dfix)
    _dfix                                    0x08007f79   Thumb Code    94  dfix.o(x$fpl$dfix)
    __aeabi_i2d                              0x08007fd7   Thumb Code     0  dflt_clz.o(x$fpl$dflt)
    _dflt                                    0x08007fd7   Thumb Code    46  dflt_clz.o(x$fpl$dflt)
    __aeabi_ui2d                             0x08008005   Thumb Code     0  dflt_clz.o(x$fpl$dfltu)
    _dfltu                                   0x08008005   Thumb Code    38  dflt_clz.o(x$fpl$dfltu)
    __aeabi_cdcmple                          0x0800802d   Thumb Code     0  dleqf.o(x$fpl$dleqf)
    _dcmple                                  0x0800802d   Thumb Code   120  dleqf.o(x$fpl$dleqf)
    __fpl_dcmple_InfNaN                      0x0800808f   Thumb Code     0  dleqf.o(x$fpl$dleqf)
    __aeabi_dmul                             0x080080a5   Thumb Code     0  dmul.o(x$fpl$dmul)
    _dmul                                    0x080080a5   Thumb Code   332  dmul.o(x$fpl$dmul)
    __fpl_dnaninf                            0x080081f9   Thumb Code   156  dnaninf.o(x$fpl$dnaninf)
    __fpl_dretinf                            0x08008295   Thumb Code    12  dretinf.o(x$fpl$dretinf)
    __aeabi_cdrcmple                         0x080082a1   Thumb Code     0  drleqf.o(x$fpl$drleqf)
    _drcmple                                 0x080082a1   Thumb Code   108  drleqf.o(x$fpl$drleqf)
    __aeabi_drsub                            0x0800830d   Thumb Code     0  daddsub_clz.o(x$fpl$drsb)
    _drsb                                    0x0800830d   Thumb Code    22  daddsub_clz.o(x$fpl$drsb)
    _dsqrt                                   0x08008325   Thumb Code   404  dsqrt_umaal.o(x$fpl$dsqrt)
    __aeabi_dsub                             0x080084bd   Thumb Code     0  daddsub_clz.o(x$fpl$dsub)
    _dsub                                    0x080084bd   Thumb Code   464  daddsub_clz.o(x$fpl$dsub)
    __aeabi_f2d                              0x08008691   Thumb Code     0  f2d.o(x$fpl$f2d)
    _f2d                                     0x08008691   Thumb Code    86  f2d.o(x$fpl$f2d)
    __fpl_fnaninf                            0x080086e7   Thumb Code   140  fnaninf.o(x$fpl$fnaninf)
    _fp_init                                 0x08008773   Thumb Code    10  fpinit.o(x$fpl$fpinit)
    __fplib_config_fpu_vfp                   0x0800877b   Thumb Code     0  fpinit.o(x$fpl$fpinit)
    __fplib_config_pureend_doubles           0x0800877b   Thumb Code     0  fpinit.o(x$fpl$fpinit)
    __fpl_fretinf                            0x0800877d   Thumb Code    10  fretinf.o(x$fpl$fretinf)
    __fpl_return_NaN                         0x08008787   Thumb Code   100  retnan.o(x$fpl$retnan)
    __ARM_scalbn                             0x080087eb   Thumb Code    92  scalbn.o(x$fpl$scalbn)
    __fpl_cmpreturn                          0x08008847   Thumb Code    48  trapv.o(x$fpl$trapveneer)
    __I$use$fp                               0x08008876   Number         0  usenofp.o(x$fpl$usenofp)
    motor_attributes                         0x08008878   Data          36  freertos.o(.constdata)
    dipan_attributes                         0x0800889c   Data          36  freertos.o(.constdata)
    AHBPrescTable                            0x080088c8   Data          16  system_stm32f4xx.o(.constdata)
    APBPrescTable                            0x080088d8   Data           8  system_stm32f4xx.o(.constdata)
    __mathlib_zero                           0x08008a30   Data           8  qnan.o(.constdata)
    Region$$Table$$Base                      0x08008b38   Number         0  anon$$obj.o(Region$$Table)
    Region$$Table$$Limit                     0x08008b58   Number         0  anon$$obj.o(Region$$Table)
    x                                        0x20000000   Data           4  freertos.o(.data)
    y                                        0x20000004   Data           4  freertos.o(.data)
    w                                        0x20000008   Data           4  freertos.o(.data)
    motorHandle                              0x2000000c   Data           4  freertos.o(.data)
    dipanHandle                              0x20000010   Data           4  freertos.o(.data)
    uwTick                                   0x20000018   Data           4  stm32f4xx_hal.o(.data)
    uwTickPrio                               0x2000001c   Data           4  stm32f4xx_hal.o(.data)
    uwTickFreq                               0x20000020   Data           1  stm32f4xx_hal.o(.data)
    SystemCoreClock                          0x20000024   Data           4  system_stm32f4xx.o(.data)
    pxCurrentTCB                             0x20000028   Data           4  tasks.o(.data)
    hcan1                                    0x200000a8   Data          40  can.o(.bss)
    hcan2                                    0x200000d0   Data          40  can.o(.bss)
    huart3                                   0x200000f8   Data          68  usart.o(.bss)
    hdma_usart3_rx                           0x2000013c   Data          96  usart.o(.bss)
    htim14                                   0x2000019c   Data          72  stm32f4xx_hal_timebase_tim.o(.bss)
    xQueueRegistry                           0x200001e4   Data          64  queue.o(.bss)
    chassis_duolun                           0x20004ab8   Data          80  dj_motor.o(.bss)
    motor_chassis_3508_1                     0x20004b08   Data          10  dj_motor.o(.bss)
    motor_chassis_3508_2                     0x20004b12   Data          10  dj_motor.o(.bss)
    motor_chassis_3508_3                     0x20004b1c   Data          10  dj_motor.o(.bss)
    motor_chassis_3508_4                     0x20004b26   Data          10  dj_motor.o(.bss)
    motor_chassis_6020_1                     0x20004b30   Data          10  dj_motor.o(.bss)
    motor_chassis_6020_2                     0x20004b3a   Data          10  dj_motor.o(.bss)
    motor_chassis_6020_3                     0x20004b44   Data          10  dj_motor.o(.bss)
    motor_chassis_6020_4                     0x20004b4e   Data          10  dj_motor.o(.bss)
    yaokong                                  0x20004b88   Data          10  dj_d16.o(.bss)
    RxBuf                                    0x20004b92   Data          32  dj_d16.o(.bss)
    __libspace_start                         0x20004bb4   Data          96  libspace.o(.bss)
    __temporary_stack_top$libspace           0x20004c14   Data           0  libspace.o(.bss)



==============================================================================

Memory Map of the image

  Image Entry point : 0x08000189

  Load Region LR_IROM1 (Base: 0x08000000, Size: 0x00008c00, Max: 0x00100000, ABSOLUTE)

    Execution Region ER_IROM1 (Base: 0x08000000, Size: 0x00008b58, Max: 0x00100000, ABSOLUTE)

    Base Addr    Size         Type   Attr      Idx    E Section Name        Object

    0x08000000   0x00000188   Data   RO            3    RESET               startup_stm32f407xx.o
    0x08000188   0x00000008   Code   RO         5350  * !!!main             c_w.l(__main.o)
    0x08000190   0x00000034   Code   RO         5695    !!!scatter          c_w.l(__scatter.o)
    0x080001c4   0x0000001a   Code   RO         5697    !!handler_copy      c_w.l(__scatter_copy.o)
    0x080001de   0x00000002   PAD
    0x080001e0   0x0000001c   Code   RO         5699    !!handler_zi        c_w.l(__scatter_zi.o)
    0x080001fc   0x00000002   Code   RO         5565    .ARM.Collect$$libinit$$00000000  c_w.l(libinit.o)
    0x080001fe   0x00000004   Code   RO         5576    .ARM.Collect$$libinit$$00000001  c_w.l(libinit2.o)
    0x08000202   0x00000000   Code   RO         5579    .ARM.Collect$$libinit$$00000004  c_w.l(libinit2.o)
    0x08000202   0x00000000   Code   RO         5582    .ARM.Collect$$libinit$$0000000A  c_w.l(libinit2.o)
    0x08000202   0x00000000   Code   RO         5584    .ARM.Collect$$libinit$$0000000C  c_w.l(libinit2.o)
    0x08000202   0x00000000   Code   RO         5586    .ARM.Collect$$libinit$$0000000E  c_w.l(libinit2.o)
    0x08000202   0x00000000   Code   RO         5589    .ARM.Collect$$libinit$$00000011  c_w.l(libinit2.o)
    0x08000202   0x00000000   Code   RO         5591    .ARM.Collect$$libinit$$00000013  c_w.l(libinit2.o)
    0x08000202   0x00000000   Code   RO         5593    .ARM.Collect$$libinit$$00000015  c_w.l(libinit2.o)
    0x08000202   0x00000000   Code   RO         5595    .ARM.Collect$$libinit$$00000017  c_w.l(libinit2.o)
    0x08000202   0x00000000   Code   RO         5597    .ARM.Collect$$libinit$$00000019  c_w.l(libinit2.o)
    0x08000202   0x00000000   Code   RO         5599    .ARM.Collect$$libinit$$0000001B  c_w.l(libinit2.o)
    0x08000202   0x00000000   Code   RO         5601    .ARM.Collect$$libinit$$0000001D  c_w.l(libinit2.o)
    0x08000202   0x00000000   Code   RO         5603    .ARM.Collect$$libinit$$0000001F  c_w.l(libinit2.o)
    0x08000202   0x00000000   Code   RO         5605    .ARM.Collect$$libinit$$00000021  c_w.l(libinit2.o)
    0x08000202   0x00000000   Code   RO         5607    .ARM.Collect$$libinit$$00000023  c_w.l(libinit2.o)
    0x08000202   0x00000000   Code   RO         5609    .ARM.Collect$$libinit$$00000025  c_w.l(libinit2.o)
    0x08000202   0x00000000   Code   RO         5613    .ARM.Collect$$libinit$$0000002C  c_w.l(libinit2.o)
    0x08000202   0x00000000   Code   RO         5615    .ARM.Collect$$libinit$$0000002E  c_w.l(libinit2.o)
    0x08000202   0x00000000   Code   RO         5617    .ARM.Collect$$libinit$$00000030  c_w.l(libinit2.o)
    0x08000202   0x00000000   Code   RO         5619    .ARM.Collect$$libinit$$00000032  c_w.l(libinit2.o)
    0x08000202   0x00000002   Code   RO         5620    .ARM.Collect$$libinit$$00000033  c_w.l(libinit2.o)
    0x08000204   0x00000002   Code   RO         5653    .ARM.Collect$$libshutdown$$00000000  c_w.l(libshutdown.o)
    0x08000206   0x00000000   Code   RO         5680    .ARM.Collect$$libshutdown$$00000003  c_w.l(libshutdown2.o)
    0x08000206   0x00000000   Code   RO         5683    .ARM.Collect$$libshutdown$$00000006  c_w.l(libshutdown2.o)
    0x08000206   0x00000000   Code   RO         5686    .ARM.Collect$$libshutdown$$00000009  c_w.l(libshutdown2.o)
    0x08000206   0x00000000   Code   RO         5688    .ARM.Collect$$libshutdown$$0000000B  c_w.l(libshutdown2.o)
    0x08000206   0x00000000   Code   RO         5691    .ARM.Collect$$libshutdown$$0000000E  c_w.l(libshutdown2.o)
    0x08000206   0x00000002   Code   RO         5692    .ARM.Collect$$libshutdown$$0000000F  c_w.l(libshutdown2.o)
    0x08000208   0x00000000   Code   RO         5446    .ARM.Collect$$rtentry$$00000000  c_w.l(__rtentry.o)
    0x08000208   0x00000000   Code   RO         5520    .ARM.Collect$$rtentry$$00000002  c_w.l(__rtentry2.o)
    0x08000208   0x00000006   Code   RO         5532    .ARM.Collect$$rtentry$$00000004  c_w.l(__rtentry4.o)
    0x0800020e   0x00000000   Code   RO         5522    .ARM.Collect$$rtentry$$00000009  c_w.l(__rtentry2.o)
    0x0800020e   0x00000004   Code   RO         5523    .ARM.Collect$$rtentry$$0000000A  c_w.l(__rtentry2.o)
    0x08000212   0x00000000   Code   RO         5525    .ARM.Collect$$rtentry$$0000000C  c_w.l(__rtentry2.o)
    0x08000212   0x00000008   Code   RO         5526    .ARM.Collect$$rtentry$$0000000D  c_w.l(__rtentry2.o)
    0x0800021a   0x00000002   Code   RO         5568    .ARM.Collect$$rtexit$$00000000  c_w.l(rtexit.o)
    0x0800021c   0x00000000   Code   RO         5626    .ARM.Collect$$rtexit$$00000002  c_w.l(rtexit2.o)
    0x0800021c   0x00000004   Code   RO         5627    .ARM.Collect$$rtexit$$00000003  c_w.l(rtexit2.o)
    0x08000220   0x00000006   Code   RO         5628    .ARM.Collect$$rtexit$$00000004  c_w.l(rtexit2.o)
    0x08000226   0x00000002   PAD
    0x08000228   0x000000be   Code   RO         5102    .emb_text           port.o
    0x080002e6   0x00000002   PAD
    0x080002e8   0x00000040   Code   RO            4    .text               startup_stm32f407xx.o
    0x08000328   0x000000ee   Code   RO         5338    .text               c_w.l(lludivv7m.o)
    0x08000416   0x0000008a   Code   RO         5340    .text               c_w.l(rt_memcpy_v6.o)
    0x080004a0   0x00000010   Code   RO         5344    .text               c_w.l(aeabi_memset.o)
    0x080004b0   0x0000004e   Code   RO         5346    .text               c_w.l(rt_memclr_w.o)
    0x080004fe   0x00000006   Code   RO         5348    .text               c_w.l(heapauxi.o)
    0x08000504   0x00000016   Code   RO         5451    .text               c_w.l(_rserrno.o)
    0x0800051a   0x00000064   Code   RO         5453    .text               c_w.l(rt_memcpy_w.o)
    0x0800057e   0x00000044   Code   RO         5455    .text               c_w.l(rt_memclr.o)
    0x080005c2   0x00000002   PAD
    0x080005c4   0x00000008   Code   RO         5539    .text               c_w.l(rt_errno_addr_intlibspace.o)
    0x080005cc   0x00000008   Code   RO         5549    .text               c_w.l(libspace.o)
    0x080005d4   0x0000004a   Code   RO         5552    .text               c_w.l(sys_stackheap_outer.o)
    0x0800061e   0x0000000c   Code   RO         5554    .text               c_w.l(exit.o)
    0x0800062a   0x00000002   PAD
    0x0800062c   0x0000000c   Code   RO         5623    .text               c_w.l(sys_exit.o)
    0x08000638   0x00000002   Code   RO         5642    .text               c_w.l(use_no_semi.o)
    0x0800063a   0x00000000   Code   RO         5644    .text               c_w.l(indicate_semi.o)
    0x0800063a   0x00000004   Code   RO          412    i.BusFault_Handler  stm32f4xx_it.o
    0x0800063e   0x00000002   PAD
    0x08000640   0x00000010   Code   RO          413    i.CAN1_RX0_IRQHandler  stm32f4xx_it.o
    0x08000650   0x00000010   Code   RO          414    i.CAN1_RX1_IRQHandler  stm32f4xx_it.o
    0x08000660   0x00000010   Code   RO          415    i.CAN2_RX0_IRQHandler  stm32f4xx_it.o
    0x08000670   0x00000010   Code   RO          416    i.CAN2_RX1_IRQHandler  stm32f4xx_it.o
    0x08000680   0x0000007e   Code   RO         5243    i.CAN_Filter_Mask_Config  dj_motor.o
    0x080006fe   0x00000002   PAD
    0x08000700   0x00000074   Code   RO         5244    i.CAN_Motor_Control_3508  dj_motor.o
    0x08000774   0x00000074   Code   RO         5245    i.CAN_Motor_Control_6020  dj_motor.o
    0x080007e8   0x00000020   Code   RO         5303    i.DJ16_Init         dj_d16.o
    0x08000808   0x000000a0   Code   RO         5246    i.DJ_Motor_Init     dj_motor.o
    0x080008a8   0x00000010   Code   RO          417    i.DMA1_Stream1_IRQHandler  stm32f4xx_it.o
    0x080008b8   0x00000034   Code   RO         1307    i.DMA_CalcBaseAndBitshift  stm32f4xx_hal_dma.o
    0x080008ec   0x000000aa   Code   RO         1308    i.DMA_CheckFifoParam  stm32f4xx_hal_dma.o
    0x08000996   0x0000002c   Code   RO         1309    i.DMA_SetConfig     stm32f4xx_hal_dma.o
    0x080009c2   0x00000002   Code   RO          418    i.DebugMon_Handler  stm32f4xx_it.o
    0x080009c4   0x00000006   Code   RO           13    i.Error_Handler     main.o
    0x080009ca   0x00000156   Code   RO          571    i.HAL_CAN_AddTxMessage  stm32f4xx_hal_can.o
    0x08000b20   0x00000124   Code   RO          572    i.HAL_CAN_ConfigFilter  stm32f4xx_hal_can.o
    0x08000c44   0x00000002   Code   RO          575    i.HAL_CAN_ErrorCallback  stm32f4xx_hal_can.o
    0x08000c46   0x0000017a   Code   RO          578    i.HAL_CAN_GetRxMessage  stm32f4xx_hal_can.o
    0x08000dc0   0x0000024e   Code   RO          582    i.HAL_CAN_IRQHandler  stm32f4xx_hal_can.o
    0x0800100e   0x00000174   Code   RO          583    i.HAL_CAN_Init      stm32f4xx_hal_can.o
    0x08001182   0x00000002   PAD
    0x08001184   0x00000180   Code   RO          298    i.HAL_CAN_MspInit   can.o
    0x08001304   0x00000002   Code   RO          590    i.HAL_CAN_RxFifo0FullCallback  stm32f4xx_hal_can.o
    0x08001306   0x00000002   PAD
    0x08001308   0x000000ac   Code   RO         5247    i.HAL_CAN_RxFifo0MsgPendingCallback  dj_motor.o
    0x080013b4   0x00000002   Code   RO          592    i.HAL_CAN_RxFifo1FullCallback  stm32f4xx_hal_can.o
    0x080013b6   0x00000002   Code   RO          593    i.HAL_CAN_RxFifo1MsgPendingCallback  stm32f4xx_hal_can.o
    0x080013b8   0x00000002   Code   RO          594    i.HAL_CAN_SleepCallback  stm32f4xx_hal_can.o
    0x080013ba   0x0000005e   Code   RO          595    i.HAL_CAN_Start     stm32f4xx_hal_can.o
    0x08001418   0x00000002   Code   RO          597    i.HAL_CAN_TxMailbox0AbortCallback  stm32f4xx_hal_can.o
    0x0800141a   0x00000002   Code   RO          598    i.HAL_CAN_TxMailbox0CompleteCallback  stm32f4xx_hal_can.o
    0x0800141c   0x00000002   Code   RO          599    i.HAL_CAN_TxMailbox1AbortCallback  stm32f4xx_hal_can.o
    0x0800141e   0x00000002   Code   RO          600    i.HAL_CAN_TxMailbox1CompleteCallback  stm32f4xx_hal_can.o
    0x08001420   0x00000002   Code   RO          601    i.HAL_CAN_TxMailbox2AbortCallback  stm32f4xx_hal_can.o
    0x08001422   0x00000002   Code   RO          602    i.HAL_CAN_TxMailbox2CompleteCallback  stm32f4xx_hal_can.o
    0x08001424   0x00000002   Code   RO          604    i.HAL_CAN_WakeUpFromRxMsgCallback  stm32f4xx_hal_can.o
    0x08001426   0x00000002   PAD
    0x08001428   0x00000240   Code   RO         1315    i.HAL_DMA_IRQHandler  stm32f4xx_hal_dma.o
    0x08001668   0x000000ec   Code   RO         1316    i.HAL_DMA_Init      stm32f4xx_hal_dma.o
    0x08001754   0x00000092   Code   RO         1320    i.HAL_DMA_Start_IT  stm32f4xx_hal_dma.o
    0x080017e6   0x00000002   PAD
    0x080017e8   0x000001f4   Code   RO         1203    i.HAL_GPIO_Init     stm32f4xx_hal_gpio.o
    0x080019dc   0x0000000c   Code   RO         1740    i.HAL_GetTick       stm32f4xx_hal.o
    0x080019e8   0x00000018   Code   RO         1746    i.HAL_IncTick       stm32f4xx_hal.o
    0x08001a00   0x0000003c   Code   RO         1747    i.HAL_Init          stm32f4xx_hal.o
    0x08001a3c   0x000000b4   Code   RO          530    i.HAL_InitTick      stm32f4xx_hal_timebase_tim.o
    0x08001af0   0x00000054   Code   RO          506    i.HAL_MspInit       stm32f4xx_hal_msp.o
    0x08001b44   0x00000020   Code   RO         1592    i.HAL_NVIC_EnableIRQ  stm32f4xx_hal_cortex.o
    0x08001b64   0x0000007c   Code   RO         1598    i.HAL_NVIC_SetPriority  stm32f4xx_hal_cortex.o
    0x08001be0   0x00000028   Code   RO         1599    i.HAL_NVIC_SetPriorityGrouping  stm32f4xx_hal_cortex.o
    0x08001c08   0x00000184   Code   RO          804    i.HAL_RCC_ClockConfig  stm32f4xx_hal_rcc.o
    0x08001d8c   0x00000044   Code   RO          808    i.HAL_RCC_GetClockConfig  stm32f4xx_hal_rcc.o
    0x08001dd0   0x0000000c   Code   RO          809    i.HAL_RCC_GetHCLKFreq  stm32f4xx_hal_rcc.o
    0x08001ddc   0x00000020   Code   RO          811    i.HAL_RCC_GetPCLK1Freq  stm32f4xx_hal_rcc.o
    0x08001dfc   0x00000020   Code   RO          812    i.HAL_RCC_GetPCLK2Freq  stm32f4xx_hal_rcc.o
    0x08001e1c   0x000000b0   Code   RO          813    i.HAL_RCC_GetSysClockFreq  stm32f4xx_hal_rcc.o
    0x08001ecc   0x0000049c   Code   RO          816    i.HAL_RCC_OscConfig  stm32f4xx_hal_rcc.o
    0x08002368   0x00000002   Code   RO         2702    i.HAL_TIMEx_BreakCallback  stm32f4xx_hal_tim_ex.o
    0x0800236a   0x00000002   Code   RO         2703    i.HAL_TIMEx_CommutCallback  stm32f4xx_hal_tim_ex.o
    0x0800236c   0x00000066   Code   RO         1987    i.HAL_TIM_Base_Init  stm32f4xx_hal_tim.o
    0x080023d2   0x00000002   Code   RO         1989    i.HAL_TIM_Base_MspInit  stm32f4xx_hal_tim.o
    0x080023d4   0x000000a8   Code   RO         1992    i.HAL_TIM_Base_Start_IT  stm32f4xx_hal_tim.o
    0x0800247c   0x00000002   Code   RO         2021    i.HAL_TIM_IC_CaptureCallback  stm32f4xx_hal_tim.o
    0x0800247e   0x00000196   Code   RO         2035    i.HAL_TIM_IRQHandler  stm32f4xx_hal_tim.o
    0x08002614   0x00000002   Code   RO         2038    i.HAL_TIM_OC_DelayElapsedCallback  stm32f4xx_hal_tim.o
    0x08002616   0x00000002   Code   RO         2065    i.HAL_TIM_PWM_PulseFinishedCallback  stm32f4xx_hal_tim.o
    0x08002618   0x00000018   Code   RO           14    i.HAL_TIM_PeriodElapsedCallback  main.o
    0x08002630   0x00000002   Code   RO         2078    i.HAL_TIM_TriggerCallback  stm32f4xx_hal_tim.o
    0x08002632   0x00000082   Code   RO         2978    i.HAL_UARTEx_ReceiveToIdle_DMA  stm32f4xx_hal_uart.o
    0x080026b4   0x0000009c   Code   RO         5304    i.HAL_UARTEx_RxEventCallback  dj_d16.o
    0x08002750   0x00000002   Code   RO         2994    i.HAL_UART_ErrorCallback  stm32f4xx_hal_uart.o
    0x08002752   0x00000072   Code   RO         2998    i.HAL_UART_Init     stm32f4xx_hal_uart.o
    0x080027c4   0x000000d4   Code   RO          371    i.HAL_UART_MspInit  usart.o
    0x08002898   0x00000002   Code   RO         3004    i.HAL_UART_RxCpltCallback  stm32f4xx_hal_uart.o
    0x0800289a   0x00000002   Code   RO         3005    i.HAL_UART_RxHalfCpltCallback  stm32f4xx_hal_uart.o
    0x0800289c   0x00000004   Code   RO          419    i.HardFault_Handler  stm32f4xx_it.o
    0x080028a0   0x00000044   Code   RO          299    i.MX_CAN1_Init      can.o
    0x080028e4   0x00000044   Code   RO          300    i.MX_CAN2_Init      can.o
    0x08002928   0x00000038   Code   RO          346    i.MX_DMA_Init       dma.o
    0x08002960   0x00000038   Code   RO          237    i.MX_FREERTOS_Init  freertos.o
    0x08002998   0x000000a0   Code   RO          213    i.MX_GPIO_Init      gpio.o
    0x08002a38   0x0000003c   Code   RO          372    i.MX_USART3_UART_Init  usart.o
    0x08002a74   0x00000004   Code   RO          420    i.MemManage_Handler  stm32f4xx_it.o
    0x08002a78   0x00000004   Code   RO          421    i.NMI_Handler       stm32f4xx_it.o
    0x08002a7c   0x00000062   Code   RO         5182    i.Steer_Calculate_speed  duolun.o
    0x08002ade   0x00000032   Code   RO         5183    i.Steer_Calculate_turn  duolun.o
    0x08002b10   0x000004c8   Code   RO         5184    i.Steer_Speed_Calculate  duolun.o
    0x08002fd8   0x000004b0   Code   RO         5185    i.Steer_angle_change  duolun.o
    0x08003488   0x00000016   Code   RO         4517    i.SysTick_Handler   cmsis_os2.o
    0x0800349e   0x00000002   PAD
    0x080034a0   0x000000b8   Code   RO           15    i.SystemClock_Config  main.o
    0x08003558   0x00000014   Code   RO         3337    i.SystemInit        system_stm32f4xx.o
    0x0800356c   0x00000010   Code   RO          422    i.TIM8_TRG_COM_TIM14_IRQHandler  stm32f4xx_it.o
    0x0800357c   0x000000d8   Code   RO         2080    i.TIM_Base_SetConfig  stm32f4xx_hal_tim.o
    0x08003654   0x00000050   Code   RO         3012    i.UART_DMAError     stm32f4xx_hal_uart.o
    0x080036a4   0x000000b0   Code   RO         3013    i.UART_DMAReceiveCplt  stm32f4xx_hal_uart.o
    0x08003754   0x00000020   Code   RO         3015    i.UART_DMARxHalfCplt  stm32f4xx_hal_uart.o
    0x08003774   0x0000006c   Code   RO         3021    i.UART_EndRxTransfer  stm32f4xx_hal_uart.o
    0x080037e0   0x00000026   Code   RO         3023    i.UART_EndTxTransfer  stm32f4xx_hal_uart.o
    0x08003806   0x00000002   PAD
    0x08003808   0x0000022c   Code   RO         3025    i.UART_SetConfig    stm32f4xx_hal_uart.o
    0x08003a34   0x000000d0   Code   RO         3026    i.UART_Start_Receive_DMA  stm32f4xx_hal_uart.o
    0x08003b04   0x00000004   Code   RO          423    i.UsageFault_Handler  stm32f4xx_it.o
    0x08003b08   0x00000030   Code   RO         5503    i.__ARM_fpclassify  m_wm.l(fpclassify.o)
    0x08003b38   0x00000010   Code   RO         1605    i.__NVIC_GetPriorityGrouping  stm32f4xx_hal_cortex.o
    0x08003b48   0x00000028   Code   RO         1606    i.__NVIC_SetPriority  stm32f4xx_hal_cortex.o
    0x08003b70   0x00000006   Code   RO         4519    i.__get_IPSR        cmsis_os2.o
    0x08003b76   0x00000002   PAD
    0x08003b78   0x000002d8   Code   RO         5370    i.__hardfp_atan     m_wm.l(atan.o)
    0x08003e50   0x000001f0   Code   RO         5384    i.__hardfp_atan2    m_wm.l(atan2.o)
    0x08004040   0x000000c8   Code   RO         5396    i.__hardfp_cos      m_wm.l(cos.o)
    0x08004108   0x00000c38   Code   RO         5408    i.__hardfp_pow      m_wm.l(pow.o)
    0x08004d40   0x000000c8   Code   RO         5422    i.__hardfp_sin      m_wm.l(sin.o)
    0x08004e08   0x0000007a   Code   RO         5434    i.__hardfp_sqrt     m_wm.l(sqrt.o)
    0x08004e82   0x00000006   PAD
    0x08004e88   0x00000438   Code   RO         5508    i.__ieee754_rem_pio2  m_wm.l(rred.o)
    0x080052c0   0x00000170   Code   RO         5480    i.__kernel_cos      m_wm.l(cos_i.o)
    0x08005430   0x000000f8   Code   RO         5505    i.__kernel_poly     m_wm.l(poly.o)
    0x08005528   0x00000130   Code   RO         5513    i.__kernel_sin      m_wm.l(sin_i.o)
    0x08005658   0x00000030   Code   RO         5483    i.__mathlib_dbl_divzero  m_wm.l(dunder.o)
    0x08005688   0x00000014   Code   RO         5484    i.__mathlib_dbl_infnan  m_wm.l(dunder.o)
    0x0800569c   0x00000014   Code   RO         5485    i.__mathlib_dbl_infnan2  m_wm.l(dunder.o)
    0x080056b0   0x00000020   Code   RO         5486    i.__mathlib_dbl_invalid  m_wm.l(dunder.o)
    0x080056d0   0x00000020   Code   RO         5487    i.__mathlib_dbl_overflow  m_wm.l(dunder.o)
    0x080056f0   0x00000020   Code   RO         5489    i.__mathlib_dbl_underflow  m_wm.l(dunder.o)
    0x08005710   0x00000010   Code   RO         5372    i.atan              m_wm.l(atan.o)
    0x08005720   0x00000128   Code   RO          238    i.dipan_f           freertos.o
    0x08005848   0x00000018   Code   RO         5499    i.fabs              m_wm.l(fabs.o)
    0x08005860   0x0000002e   Code   RO         5248    i.get_motor_measure  dj_motor.o
    0x0800588e   0x00000002   PAD
    0x08005890   0x00000040   Code   RO           16    i.main              main.o
    0x080058d0   0x00000034   Code   RO          239    i.motor_f           freertos.o
    0x08005904   0x0000001e   Code   RO         4520    i.osDelay           cmsis_os2.o
    0x08005922   0x00000002   PAD
    0x08005924   0x0000002c   Code   RO         4534    i.osKernelInitialize  cmsis_os2.o
    0x08005950   0x00000060   Code   RO         4537    i.osKernelStart     cmsis_os2.o
    0x080059b0   0x000000b8   Code   RO         4579    i.osThreadNew       cmsis_os2.o
    0x08005a68   0x000000f0   Code   RO         5186    i.pid_j             duolun.o
    0x08005b58   0x00000098   Code   RO         5187    i.pid_v             duolun.o
    0x08005bf0   0x0000007c   Code   RO         3954    i.prvAddCurrentTaskToDelayedList  tasks.o
    0x08005c6c   0x000000b8   Code   RO         3955    i.prvAddNewTaskToReadyList  tasks.o
    0x08005d24   0x00000074   Code   RO         4330    i.prvCheckForValidListAndQueue  timers.o
    0x08005d98   0x00000048   Code   RO         3956    i.prvCheckTasksWaitingTermination  tasks.o
    0x08005de0   0x0000002a   Code   RO         3541    i.prvCopyDataFromQueue  queue.o
    0x08005e0a   0x0000007e   Code   RO         3542    i.prvCopyDataToQueue  queue.o
    0x08005e88   0x00000050   Code   RO         3957    i.prvDeleteTCB      tasks.o
    0x08005ed8   0x00000028   Code   RO         4331    i.prvGetNextExpireTime  timers.o
    0x08005f00   0x0000007c   Code   RO         5047    i.prvHeapInit       heap_4.o
    0x08005f7c   0x00000028   Code   RO         3958    i.prvIdleTask       tasks.o
    0x08005fa4   0x0000002a   Code   RO         3545    i.prvInitialiseNewQueue  queue.o
    0x08005fce   0x000000be   Code   RO         3959    i.prvInitialiseNewTask  tasks.o
    0x0800608c   0x00000068   Code   RO         3960    i.prvInitialiseTaskLists  tasks.o
    0x080060f4   0x00000068   Code   RO         5048    i.prvInsertBlockIntoFreeList  heap_4.o
    0x0800615c   0x00000058   Code   RO         4333    i.prvInsertTimerInActiveList  timers.o
    0x080061b4   0x0000001a   Code   RO         3546    i.prvIsQueueEmpty   queue.o
    0x080061ce   0x0000001e   Code   RO         3547    i.prvIsQueueFull    queue.o
    0x080061ec   0x00000074   Code   RO         4334    i.prvProcessExpiredTimer  timers.o
    0x08006260   0x00000164   Code   RO         4335    i.prvProcessReceivedCommands  timers.o
    0x080063c4   0x00000074   Code   RO         4336    i.prvProcessTimerOrBlockTask  timers.o
    0x08006438   0x00000034   Code   RO         3962    i.prvResetNextTaskUnblockTime  tasks.o
    0x0800646c   0x0000002c   Code   RO         4337    i.prvSampleTimeNow  timers.o
    0x08006498   0x000000a4   Code   RO         4338    i.prvSwitchTimerLists  timers.o
    0x0800653c   0x00000040   Code   RO         5103    i.prvTaskExitError  port.o
    0x0800657c   0x0000001a   Code   RO         4339    i.prvTimerTask      timers.o
    0x08006596   0x0000007e   Code   RO         3548    i.prvUnlockQueue    queue.o
    0x08006614   0x0000014c   Code   RO         5049    i.pvPortMalloc      heap_4.o
    0x08006760   0x0000002c   Code   RO         5104    i.pxPortInitialiseStack  port.o
    0x0800678c   0x0000006e   Code   RO         5436    i.sqrt              m_wm.l(sqrt.o)
    0x080067fa   0x00000028   Code   RO         3501    i.uxListRemove      list.o
    0x08006822   0x00000002   PAD
    0x08006824   0x00000018   Code   RO         4591    i.vApplicationGetIdleTaskMemory  cmsis_os2.o
    0x0800683c   0x00000018   Code   RO         4592    i.vApplicationGetTimerTaskMemory  cmsis_os2.o
    0x08006854   0x0000001a   Code   RO         3502    i.vListInitialise   list.o
    0x0800686e   0x00000006   Code   RO         3503    i.vListInitialiseItem  list.o
    0x08006874   0x00000034   Code   RO         3504    i.vListInsert       list.o
    0x080068a8   0x00000018   Code   RO         3505    i.vListInsertEnd    list.o
    0x080068c0   0x00000054   Code   RO         5106    i.vPortEnterCritical  port.o
    0x08006914   0x0000003c   Code   RO         5107    i.vPortExitCritical  port.o
    0x08006950   0x000000a4   Code   RO         5050    i.vPortFree         heap_4.o
    0x080069f4   0x00000028   Code   RO         5108    i.vPortSetupTimerInterrupt  port.o
    0x08006a1c   0x00000078   Code   RO         5109    i.vPortValidateInterruptPriority  port.o
    0x08006a94   0x0000002c   Code   RO         3554    i.vQueueAddToRegistry  queue.o
    0x08006ac0   0x0000004a   Code   RO         3558    i.vQueueWaitForMessageRestricted  queue.o
    0x08006b0a   0x00000002   PAD
    0x08006b0c   0x0000005c   Code   RO         3975    i.vTaskDelay        tasks.o
    0x08006b68   0x00000018   Code   RO         3980    i.vTaskInternalSetTimeOutState  tasks.o
    0x08006b80   0x0000000c   Code   RO         3981    i.vTaskMissedYield  tasks.o
    0x08006b8c   0x00000038   Code   RO         3983    i.vTaskPlaceOnEventList  tasks.o
    0x08006bc4   0x00000040   Code   RO         3984    i.vTaskPlaceOnEventListRestricted  tasks.o
    0x08006c04   0x000000b8   Code   RO         3992    i.vTaskStartScheduler  tasks.o
    0x08006cbc   0x00000010   Code   RO         3994    i.vTaskSuspendAll   tasks.o
    0x08006ccc   0x00000090   Code   RO         3995    i.vTaskSwitchContext  tasks.o
    0x08006d5c   0x00000168   Code   RO         5110    i.xPortStartScheduler  port.o
    0x08006ec4   0x00000034   Code   RO         5111    i.xPortSysTickHandler  port.o
    0x08006ef8   0x000000e0   Code   RO         3564    i.xQueueGenericCreateStatic  queue.o
    0x08006fd8   0x00000098   Code   RO         3565    i.xQueueGenericReset  queue.o
    0x08007070   0x000001a8   Code   RO         3566    i.xQueueGenericSend  queue.o
    0x08007218   0x000000fc   Code   RO         3567    i.xQueueGenericSendFromISR  queue.o
    0x08007314   0x00000168   Code   RO         3576    i.xQueueReceive     queue.o
    0x0800747c   0x0000008c   Code   RO         3997    i.xTaskCheckForTimeOut  tasks.o
    0x08007508   0x00000064   Code   RO         3998    i.xTaskCreate       tasks.o
    0x0800756c   0x000000ba   Code   RO         3999    i.xTaskCreateStatic  tasks.o
    0x08007626   0x00000002   PAD
    0x08007628   0x00000020   Code   RO         4003    i.xTaskGetSchedulerState  tasks.o
    0x08007648   0x0000000c   Code   RO         4004    i.xTaskGetTickCount  tasks.o
    0x08007654   0x00000144   Code   RO         4006    i.xTaskIncrementTick  tasks.o
    0x08007798   0x000000a4   Code   RO         4009    i.xTaskPriorityDisinherit  tasks.o
    0x0800783c   0x00000098   Code   RO         4011    i.xTaskRemoveFromEventList  tasks.o
    0x080078d4   0x00000104   Code   RO         4012    i.xTaskResumeAll    tasks.o
    0x080079d8   0x00000078   Code   RO         4348    i.xTimerCreateTimerTask  timers.o
    0x08007a50   0x00000084   Code   RO         4349    i.xTimerGenericCommand  timers.o
    0x08007ad4   0x00000018   Code   RO         5352    x$fpl$basic         fz_wm.l(basic.o)
    0x08007aec   0x00000062   Code   RO         5354    x$fpl$d2f           fz_wm.l(d2f.o)
    0x08007b4e   0x00000002   PAD
    0x08007b50   0x00000150   Code   RO         5356    x$fpl$dadd          fz_wm.l(daddsub_clz.o)
    0x08007ca0   0x00000010   Code   RO         5541    x$fpl$dcheck1       fz_wm.l(dcheck1.o)
    0x08007cb0   0x00000018   Code   RO         5543    x$fpl$dcmpinf       fz_wm.l(dcmpi.o)
    0x08007cc8   0x000002b0   Code   RO         5363    x$fpl$ddiv          fz_wm.l(ddiv.o)
    0x08007f78   0x0000005e   Code   RO         5545    x$fpl$dfix          fz_wm.l(dfix.o)
    0x08007fd6   0x0000002e   Code   RO         5458    x$fpl$dflt          fz_wm.l(dflt_clz.o)
    0x08008004   0x00000026   Code   RO         5457    x$fpl$dfltu         fz_wm.l(dflt_clz.o)
    0x0800802a   0x00000002   PAD
    0x0800802c   0x00000078   Code   RO         5463    x$fpl$dleqf         fz_wm.l(dleqf.o)
    0x080080a4   0x00000154   Code   RO         5366    x$fpl$dmul          fz_wm.l(dmul.o)
    0x080081f8   0x0000009c   Code   RO         5465    x$fpl$dnaninf       fz_wm.l(dnaninf.o)
    0x08008294   0x0000000c   Code   RO         5467    x$fpl$dretinf       fz_wm.l(dretinf.o)
    0x080082a0   0x0000006c   Code   RO         5469    x$fpl$drleqf        fz_wm.l(drleqf.o)
    0x0800830c   0x00000016   Code   RO         5357    x$fpl$drsb          fz_wm.l(daddsub_clz.o)
    0x08008322   0x00000002   PAD
    0x08008324   0x00000198   Code   RO         5471    x$fpl$dsqrt         fz_wm.l(dsqrt_umaal.o)
    0x080084bc   0x000001d4   Code   RO         5358    x$fpl$dsub          fz_wm.l(daddsub_clz.o)
    0x08008690   0x00000056   Code   RO         5368    x$fpl$f2d           fz_wm.l(f2d.o)
    0x080086e6   0x0000008c   Code   RO         5473    x$fpl$fnaninf       fz_wm.l(fnaninf.o)
    0x08008772   0x0000000a   Code   RO         5638    x$fpl$fpinit        fz_wm.l(fpinit.o)
    0x0800877c   0x0000000a   Code   RO         5475    x$fpl$fretinf       fz_wm.l(fretinf.o)
    0x08008786   0x00000064   Code   RO         5566    x$fpl$retnan        fz_wm.l(retnan.o)
    0x080087ea   0x0000005c   Code   RO         5477    x$fpl$scalbn        fz_wm.l(scalbn.o)
    0x08008846   0x00000030   Code   RO         5621    x$fpl$trapveneer    fz_wm.l(trapv.o)
    0x08008876   0x00000000   Code   RO         5479    x$fpl$usenofp       fz_wm.l(usenofp.o)
    0x08008876   0x00000002   PAD
    0x08008878   0x00000048   Data   RO          240    .constdata          freertos.o
    0x080088c0   0x00000008   Data   RO         1322    .constdata          stm32f4xx_hal_dma.o
    0x080088c8   0x00000018   Data   RO         3338    .constdata          system_stm32f4xx.o
    0x080088e0   0x00000098   Data   RO         5373    .constdata          m_wm.l(atan.o)
    0x08008978   0x00000088   Data   RO         5411    .constdata          m_wm.l(pow.o)
    0x08008a00   0x00000030   Data   RO         5481    .constdata          m_wm.l(cos_i.o)
    0x08008a30   0x00000008   Data   RO         5507    .constdata          m_wm.l(qnan.o)
    0x08008a38   0x000000c8   Data   RO         5510    .constdata          m_wm.l(rred.o)
    0x08008b00   0x00000028   Data   RO         5514    .constdata          m_wm.l(sin_i.o)
    0x08008b28   0x0000000e   Data   RO          241    .conststring        freertos.o
    0x08008b36   0x00000002   PAD
    0x08008b38   0x00000020   Data   RO         5693    Region$$Table       anon$$obj.o


    Execution Region RW_IRAM1 (Base: 0x20000000, Size: 0x00005218, Max: 0x0001c000, ABSOLUTE)

    Base Addr    Size         Type   Attr      Idx    E Section Name        Object

    0x20000000   0x00000014   Data   RW          242    .data               freertos.o
    0x20000014   0x00000004   Data   RW          302    .data               can.o
    0x20000018   0x00000009   Data   RW         1754    .data               stm32f4xx_hal.o
    0x20000021   0x00000003   PAD
    0x20000024   0x00000004   Data   RW         3339    .data               system_stm32f4xx.o
    0x20000028   0x0000003c   Data   RW         4015    .data               tasks.o
    0x20000064   0x00000014   Data   RW         4357    .data               timers.o
    0x20000078   0x00000004   Data   RW         4594    .data               cmsis_os2.o
    0x2000007c   0x00000020   Data   RW         5056    .data               heap_4.o
    0x2000009c   0x0000000c   Data   RW         5112    .data               port.o
    0x200000a8   0x00000050   Zero   RW          301    .bss                can.o
    0x200000f8   0x000000a4   Zero   RW          373    .bss                usart.o
    0x2000019c   0x00000048   Zero   RW          533    .bss                stm32f4xx_hal_timebase_tim.o
    0x200001e4   0x00000040   Zero   RW         3580    .bss                queue.o
    0x20000224   0x000004c4   Zero   RW         4014    .bss                tasks.o
    0x200006e8   0x00000118   Zero   RW         4356    .bss                timers.o
    0x20000800   0x000006b8   Zero   RW         4593    .bss                cmsis_os2.o
    0x20000eb8   0x00003c00   Zero   RW         5055    .bss                heap_4.o
    0x20004ab8   0x000000d0   Zero   RW         5249    .bss                dj_motor.o
    0x20004b88   0x0000002a   Zero   RW         5305    .bss                dj_d16.o
    0x20004bb2   0x00000002   PAD
    0x20004bb4   0x00000060   Zero   RW         5550    .bss                c_w.l(libspace.o)
    0x20004c14   0x00000004   PAD
    0x20004c18   0x00000200   Zero   RW            2    HEAP                startup_stm32f407xx.o
    0x20004e18   0x00000400   Zero   RW            1    STACK               startup_stm32f407xx.o


    Execution Region RW_IRAM2 (Base: 0x2001c000, Size: 0x00000000, Max: 0x00004000, ABSOLUTE)

    **** No section assigned to this execution region ****


==============================================================================

Image component sizes


      Code (inc. data)   RO Data    RW Data    ZI Data      Debug   Object Name

       520         44          0          4         80       2514   can.o
       430         38          0          4       1720      64783   cmsis_os2.o
       188         20          0          0         42       2117   dj_d16.o
       736         64          0          0        208       5952   dj_motor.o
        56          4          0          0          0        790   dma.o
      2964        124          0          0          0       5724   duolun.o
         0          0          0          0          0      19520   event_groups.o
       404         86         86         20          0       2557   freertos.o
       160          4          0          0          0        955   gpio.o
       724         74          0         32      15360       4923   heap_4.o
       148          0          0          0          0       3626   list.o
       278         24          0          0          0     715641   main.o
      1014         92          0         12          0      11853   port.o
      1922         20          0          0         64      17280   queue.o
        64         26        392          0       1536        856   startup_stm32f407xx.o
        96         20          0          9          0       8158   stm32f4xx_hal.o
      2092          6          0          0          0      13700   stm32f4xx_hal_can.o
       252         22          0          0          0      33714   stm32f4xx_hal_cortex.o
      1224         16          8          0          0       5551   stm32f4xx_hal_dma.o
       500         46          0          0          0       1464   stm32f4xx_hal_gpio.o
        84          6          0          0          0        886   stm32f4xx_hal_msp.o
      1888         94          0          0          0       6341   stm32f4xx_hal_rcc.o
       902         76          0          0          0       6566   stm32f4xx_hal_tim.o
         4          0          0          0          0       1609   stm32f4xx_hal_tim_ex.o
       180         20          0          0         72       1500   stm32f4xx_hal_timebase_tim.o
      1448         22          0          0          0       9013   stm32f4xx_hal_uart.o
       118         36          0          0          0       6003   stm32f4xx_it.o
         0          0          0          0          0        392   stream_buffer.o
        20          6         24          4          0       1171   system_stm32f4xx.o
      2808        346          0         60       1220      27522   tasks.o
      1318        124          0         20        280      32939   timers.o
       272         34          0          0        164       1841   usart.o

    ----------------------------------------------------------------------
     22844       1494        544        168      20748    1017461   Object Totals
         0          0         32          0          0          0   (incl. Generated)
        30          0          2          3          2          0   (incl. Padding)

    ----------------------------------------------------------------------

      Code (inc. data)   RO Data    RW Data    ZI Data      Debug   Library Member Name

         8          0          0          0          0         68   __main.o
         0          0          0          0          0          0   __rtentry.o
        12          0          0          0          0          0   __rtentry2.o
         6          0          0          0          0          0   __rtentry4.o
        52          8          0          0          0          0   __scatter.o
        26          0          0          0          0          0   __scatter_copy.o
        28          0          0          0          0          0   __scatter_zi.o
        22          0          0          0          0        100   _rserrno.o
        16          0          0          0          0         68   aeabi_memset.o
        12          0          0          0          0         72   exit.o
         6          0          0          0          0        152   heapauxi.o
         0          0          0          0          0          0   indicate_semi.o
         2          0          0          0          0          0   libinit.o
         6          0          0          0          0          0   libinit2.o
         2          0          0          0          0          0   libshutdown.o
         2          0          0          0          0          0   libshutdown2.o
         8          4          0          0         96         68   libspace.o
       238          0          0          0          0        100   lludivv7m.o
         8          4          0          0          0         68   rt_errno_addr_intlibspace.o
        68          0          0          0          0         68   rt_memclr.o
        78          0          0          0          0         80   rt_memclr_w.o
       138          0          0          0          0         68   rt_memcpy_v6.o
       100          0          0          0          0         80   rt_memcpy_w.o
         2          0          0          0          0          0   rtexit.o
        10          0          0          0          0          0   rtexit2.o
        12          4          0          0          0         68   sys_exit.o
        74          0          0          0          0         80   sys_stackheap_outer.o
         2          0          0          0          0         68   use_no_semi.o
        24          0          0          0          0        164   basic.o
        98          4          0          0          0        140   d2f.o
       826         16          0          0          0        492   daddsub_clz.o
        16          4          0          0          0        116   dcheck1.o
        24          0          0          0          0        116   dcmpi.o
       688        140          0          0          0        256   ddiv.o
        94          4          0          0          0        140   dfix.o
        84          0          0          0          0        232   dflt_clz.o
       120          4          0          0          0        140   dleqf.o
       340         12          0          0          0        152   dmul.o
       156          4          0          0          0        140   dnaninf.o
        12          0          0          0          0        116   dretinf.o
       108          0          0          0          0        128   drleqf.o
       408         56          0          0          0        168   dsqrt_umaal.o
        86          4          0          0          0        132   f2d.o
       140          4          0          0          0        132   fnaninf.o
        10          0          0          0          0        116   fpinit.o
        10          0          0          0          0        116   fretinf.o
       100          0          0          0          0        116   retnan.o
        92          0          0          0          0        116   scalbn.o
        48          0          0          0          0        116   trapv.o
         0          0          0          0          0          0   usenofp.o
       744        106        152          0          0        352   atan.o
       496         64          0          0          0        192   atan2.o
       200         20          0          0          0        164   cos.o
       368         46         48          0          0        200   cos_i.o
       184         44          0          0          0        744   dunder.o
        24          0          0          0          0        124   fabs.o
        48          0          0          0          0        124   fpclassify.o
       248          0          0          0          0        152   poly.o
      3128        302        136          0          0        356   pow.o
         0          0          8          0          0          0   qnan.o
      1080        142        200          0          0        188   rred.o
       200         20          0          0          0        164   sin.o
       304         24         40          0          0        208   sin_i.o
       232          0          0          0          0        296   sqrt.o

    ----------------------------------------------------------------------
     11700       1040        584          0        100       7816   Library Totals
        22          0          0          0          4          0   (incl. Padding)

    ----------------------------------------------------------------------

      Code (inc. data)   RO Data    RW Data    ZI Data      Debug   Library Name

       938         20          0          0         96       1208   c_w.l
      3484        252          0          0          0       3344   fz_wm.l
      7256        768        584          0          0       3264   m_wm.l

    ----------------------------------------------------------------------
     11700       1040        584          0        100       7816   Library Totals

    ----------------------------------------------------------------------

==============================================================================


      Code (inc. data)   RO Data    RW Data    ZI Data      Debug   

     34544       2534       1128        168      20848    1003105   Grand Totals
     34544       2534       1128        168      20848    1003105   ELF Image Totals
     34544       2534       1128        168          0          0   ROM Totals

==============================================================================

    Total RO  Size (Code + RO Data)                35672 (  34.84kB)
    Total RW  Size (RW Data + ZI Data)             21016 (  20.52kB)
    Total ROM Size (Code + RO Data + RW Data)      35840 (  35.00kB)

==============================================================================

